<!doctype html public "-//w3c//dtd html 4.0 transitional//en">
<html><head>
<title>Static Call Graph - [..\OBJ\Smart_Fish_Tank.axf]</title></head>
<body><HR>
<H1>Static Call Graph for image ..\OBJ\Smart_Fish_Tank.axf</H1><HR>
<BR><P>#&#060CALLGRAPH&#062# ARM Linker, 6160001: Last Updated: Sun Jun 13 21:14:38 2021
<BR><P>
<H3>Maximum Stack Usage =       2292 bytes + Unknown(Cycles, Untraceable Function Pointers)</H3><H3>
Call chain for Maximum Stack Depth:</H3>
lv_bar_design &rArr; lv_draw_rect &rArr;  lv_draw_label (Cycle)
<P>
<H3>
Mutually Recursive functions
</H3> <LI><a href="#[27]">ADC_IRQHandler</a>&nbsp;&nbsp;&nbsp;&rArr;&nbsp;&nbsp;&nbsp;<a href="#[27]">ADC_IRQHandler</a><BR>
 <LI><a href="#[f]">BusFault_Handler</a>&nbsp;&nbsp;&nbsp;&rArr;&nbsp;&nbsp;&nbsp;<a href="#[f]">BusFault_Handler</a><BR>
 <LI><a href="#[d]">HardFault_Handler</a>&nbsp;&nbsp;&nbsp;&rArr;&nbsp;&nbsp;&nbsp;<a href="#[d]">HardFault_Handler</a><BR>
 <LI><a href="#[e]">MemManage_Handler</a>&nbsp;&nbsp;&nbsp;&rArr;&nbsp;&nbsp;&nbsp;<a href="#[e]">MemManage_Handler</a><BR>
 <LI><a href="#[10]">UsageFault_Handler</a>&nbsp;&nbsp;&nbsp;&rArr;&nbsp;&nbsp;&nbsp;<a href="#[10]">UsageFault_Handler</a><BR>
 <LI><a href="#[342]">_lv_area_is_point_on</a>&nbsp;&nbsp;&nbsp;&rArr;&nbsp;&nbsp;&nbsp;<a href="#[342]">_lv_area_is_point_on</a><BR>
 <LI><a href="#[a4]">lv_draw_rect</a>&nbsp;&nbsp;&nbsp;&rArr;&nbsp;&nbsp;&nbsp;<a href="#[458]">lv_draw_label</a><BR>
 <LI><a href="#[89]">_lv_memcpy_small</a>&nbsp;&nbsp;&nbsp;&rArr;&nbsp;&nbsp;&nbsp;<a href="#[89]">_lv_memcpy_small</a><BR>
 <LI><a href="#[37f]">_lv_memcpy_small</a>&nbsp;&nbsp;&nbsp;&rArr;&nbsp;&nbsp;&nbsp;<a href="#[37f]">_lv_memcpy_small</a><BR>
 <LI><a href="#[525]">lv_refr_obj</a>&nbsp;&nbsp;&nbsp;&rArr;&nbsp;&nbsp;&nbsp;<a href="#[525]">lv_refr_obj</a><BR>
 <LI><a href="#[523]">lv_refr_get_top_obj</a>&nbsp;&nbsp;&nbsp;&rArr;&nbsp;&nbsp;&nbsp;<a href="#[523]">lv_refr_get_top_obj</a><BR>
 <LI><a href="#[388]">_lv_obj_get_style_ptr</a>&nbsp;&nbsp;&nbsp;&rArr;&nbsp;&nbsp;&nbsp;<a href="#[271]">OUTLINED_FUNCTION_21</a><BR>
 <LI><a href="#[91]">_lv_memcpy_small</a>&nbsp;&nbsp;&nbsp;&rArr;&nbsp;&nbsp;&nbsp;<a href="#[91]">_lv_memcpy_small</a><BR>
 <LI><a href="#[a1]">_lv_obj_get_style_int</a>&nbsp;&nbsp;&nbsp;&rArr;&nbsp;&nbsp;&nbsp;<a href="#[271]">OUTLINED_FUNCTION_21</a><BR>
 <LI><a href="#[4e4]">lv_obj_get_style_opa_scale</a>&nbsp;&nbsp;&nbsp;&rArr;&nbsp;&nbsp;&nbsp;<a href="#[386]">_lv_obj_get_style_opa</a><BR>
 <LI><a href="#[4f7]">lv_obj_get_style_image_recolor_opa</a>&nbsp;&nbsp;&nbsp;&rArr;&nbsp;&nbsp;&nbsp;<a href="#[386]">_lv_obj_get_style_opa</a><BR>
 <LI><a href="#[4e1]">lv_obj_get_style_bg_opa</a>&nbsp;&nbsp;&nbsp;&rArr;&nbsp;&nbsp;&nbsp;<a href="#[386]">_lv_obj_get_style_opa</a><BR>
 <LI><a href="#[482]">lv_event_send_func</a>&nbsp;&nbsp;&nbsp;&rArr;&nbsp;&nbsp;&nbsp;<a href="#[21c]">lv_event_send</a><BR>
 <LI><a href="#[519]">refresh_children_position</a>&nbsp;&nbsp;&nbsp;&rArr;&nbsp;&nbsp;&nbsp;<a href="#[519]">refresh_children_position</a><BR>
 <LI><a href="#[2f4]">lv_indev_search_obj</a>&nbsp;&nbsp;&nbsp;&rArr;&nbsp;&nbsp;&nbsp;<a href="#[2f3]">OUTLINED_FUNCTION_7</a><BR>
 <LI><a href="#[4db]">obj_del_core</a>&nbsp;&nbsp;&nbsp;&rArr;&nbsp;&nbsp;&nbsp;<a href="#[4db]">obj_del_core</a><BR>
 <LI><a href="#[3a4]">apply_theme</a>&nbsp;&nbsp;&nbsp;&rArr;&nbsp;&nbsp;&nbsp;<a href="#[3a4]">apply_theme</a><BR>
 <LI><a href="#[515]">refresh_children_style</a>&nbsp;&nbsp;&nbsp;&rArr;&nbsp;&nbsp;&nbsp;<a href="#[515]">refresh_children_style</a><BR>
 <LI><a href="#[408]">update_style_cache_children</a>&nbsp;&nbsp;&nbsp;&rArr;&nbsp;&nbsp;&nbsp;<a href="#[408]">update_style_cache_children</a><BR>
 <LI><a href="#[517]">report_style_mod_core</a>&nbsp;&nbsp;&nbsp;&rArr;&nbsp;&nbsp;&nbsp;<a href="#[517]">report_style_mod_core</a><BR>
</UL>
<P>
<H3>
Function Pointers
</H3><UL>
 <LI><a href="#[27]">ADC_IRQHandler</a> from startup_stm32f407xx.o(.text) referenced from startup_stm32f407xx.o(RESET)
 <LI><a href="#[7f]">AT24CXX_ReadLenByte</a> from 24cxx.o(.text.AT24CXX_ReadLenByte) referenced from touch.o(.text.TP_Get_Adjdata)
 <LI><a href="#[81]">AT24CXX_WriteLenByte</a> from 24cxx.o(.text.AT24CXX_WriteLenByte) referenced from touch.o(.text.TP_Save_Adjdata)
 <LI><a href="#[f5]">AutoReloadCallback</a> from main.o(.text.AutoReloadCallback) referenced from main.o(.text.start_task)
 <LI><a href="#[f]">BusFault_Handler</a> from stm32f4xx_it.o(.text.BusFault_Handler) referenced from startup_stm32f407xx.o(RESET)
 <LI><a href="#[29]">CAN1_RX0_IRQHandler</a> from startup_stm32f407xx.o(.text) referenced from startup_stm32f407xx.o(RESET)
 <LI><a href="#[2a]">CAN1_RX1_IRQHandler</a> from startup_stm32f407xx.o(.text) referenced from startup_stm32f407xx.o(RESET)
 <LI><a href="#[2b]">CAN1_SCE_IRQHandler</a> from startup_stm32f407xx.o(.text) referenced from startup_stm32f407xx.o(RESET)
 <LI><a href="#[28]">CAN1_TX_IRQHandler</a> from startup_stm32f407xx.o(.text) referenced from startup_stm32f407xx.o(RESET)
 <LI><a href="#[55]">CAN2_RX0_IRQHandler</a> from startup_stm32f407xx.o(.text) referenced from startup_stm32f407xx.o(RESET)
 <LI><a href="#[56]">CAN2_RX1_IRQHandler</a> from startup_stm32f407xx.o(.text) referenced from startup_stm32f407xx.o(RESET)
 <LI><a href="#[57]">CAN2_SCE_IRQHandler</a> from startup_stm32f407xx.o(.text) referenced from startup_stm32f407xx.o(RESET)
 <LI><a href="#[54]">CAN2_TX_IRQHandler</a> from startup_stm32f407xx.o(.text) referenced from startup_stm32f407xx.o(RESET)
 <LI><a href="#[63]">DCMI_IRQHandler</a> from startup_stm32f407xx.o(.text) referenced from startup_stm32f407xx.o(RESET)
 <LI><a href="#[20]">DMA1_Stream0_IRQHandler</a> from startup_stm32f407xx.o(.text) referenced from startup_stm32f407xx.o(RESET)
 <LI><a href="#[21]">DMA1_Stream1_IRQHandler</a> from stm32f4xx_it.o(.text.DMA1_Stream1_IRQHandler) referenced from startup_stm32f407xx.o(RESET)
 <LI><a href="#[22]">DMA1_Stream2_IRQHandler</a> from startup_stm32f407xx.o(.text) referenced from startup_stm32f407xx.o(RESET)
 <LI><a href="#[23]">DMA1_Stream3_IRQHandler</a> from stm32f4xx_it.o(.text.DMA1_Stream3_IRQHandler) referenced from startup_stm32f407xx.o(RESET)
 <LI><a href="#[24]">DMA1_Stream4_IRQHandler</a> from startup_stm32f407xx.o(.text) referenced from startup_stm32f407xx.o(RESET)
 <LI><a href="#[25]">DMA1_Stream5_IRQHandler</a> from startup_stm32f407xx.o(.text) referenced from startup_stm32f407xx.o(RESET)
 <LI><a href="#[26]">DMA1_Stream6_IRQHandler</a> from startup_stm32f407xx.o(.text) referenced from startup_stm32f407xx.o(RESET)
 <LI><a href="#[44]">DMA1_Stream7_IRQHandler</a> from startup_stm32f407xx.o(.text) referenced from startup_stm32f407xx.o(RESET)
 <LI><a href="#[4d]">DMA2_Stream0_IRQHandler</a> from startup_stm32f407xx.o(.text) referenced from startup_stm32f407xx.o(RESET)
 <LI><a href="#[4e]">DMA2_Stream1_IRQHandler</a> from startup_stm32f407xx.o(.text) referenced from startup_stm32f407xx.o(RESET)
 <LI><a href="#[4f]">DMA2_Stream2_IRQHandler</a> from startup_stm32f407xx.o(.text) referenced from startup_stm32f407xx.o(RESET)
 <LI><a href="#[50]">DMA2_Stream3_IRQHandler</a> from sdio_sdcard.o(.text.DMA2_Stream3_IRQHandler) referenced from startup_stm32f407xx.o(RESET)
 <LI><a href="#[51]">DMA2_Stream4_IRQHandler</a> from startup_stm32f407xx.o(.text) referenced from startup_stm32f407xx.o(RESET)
 <LI><a href="#[59]">DMA2_Stream5_IRQHandler</a> from startup_stm32f407xx.o(.text) referenced from startup_stm32f407xx.o(RESET)
 <LI><a href="#[5a]">DMA2_Stream6_IRQHandler</a> from sdio_sdcard.o(.text.DMA2_Stream6_IRQHandler) referenced from startup_stm32f407xx.o(RESET)
 <LI><a href="#[5b]">DMA2_Stream7_IRQHandler</a> from stm32f4xx_it.o(.text.DMA2_Stream7_IRQHandler) referenced from startup_stm32f407xx.o(RESET)
 <LI><a href="#[12]">DebugMon_Handler</a> from stm32f4xx_it.o(.text.DebugMon_Handler) referenced from startup_stm32f407xx.o(RESET)
 <LI><a href="#[52]">ETH_IRQHandler</a> from startup_stm32f407xx.o(.text) referenced from startup_stm32f407xx.o(RESET)
 <LI><a href="#[53]">ETH_WKUP_IRQHandler</a> from startup_stm32f407xx.o(.text) referenced from startup_stm32f407xx.o(RESET)
 <LI><a href="#[1b]">EXTI0_IRQHandler</a> from startup_stm32f407xx.o(.text) referenced from startup_stm32f407xx.o(RESET)
 <LI><a href="#[3d]">EXTI15_10_IRQHandler</a> from startup_stm32f407xx.o(.text) referenced from startup_stm32f407xx.o(RESET)
 <LI><a href="#[1c]">EXTI1_IRQHandler</a> from startup_stm32f407xx.o(.text) referenced from startup_stm32f407xx.o(RESET)
 <LI><a href="#[1d]">EXTI2_IRQHandler</a> from startup_stm32f407xx.o(.text) referenced from startup_stm32f407xx.o(RESET)
 <LI><a href="#[1e]">EXTI3_IRQHandler</a> from startup_stm32f407xx.o(.text) referenced from startup_stm32f407xx.o(RESET)
 <LI><a href="#[1f]">EXTI4_IRQHandler</a> from startup_stm32f407xx.o(.text) referenced from startup_stm32f407xx.o(RESET)
 <LI><a href="#[2c]">EXTI9_5_IRQHandler</a> from startup_stm32f407xx.o(.text) referenced from startup_stm32f407xx.o(RESET)
 <LI><a href="#[19]">FLASH_IRQHandler</a> from startup_stm32f407xx.o(.text) referenced from startup_stm32f407xx.o(RESET)
 <LI><a href="#[45]">FMC_IRQHandler</a> from startup_stm32f407xx.o(.text) referenced from startup_stm32f407xx.o(RESET)
 <LI><a href="#[65]">FPU_IRQHandler</a> from startup_stm32f407xx.o(.text) referenced from startup_stm32f407xx.o(RESET)
 <LI><a href="#[80]">HAL_GPIO_Init</a> from stm32f4xx_hal_gpio.o(.text.HAL_GPIO_Init) referenced from touch.o(.text.TP_Init)
 <LI><a href="#[7a]">HAL_NVIC_EnableIRQ</a> from stm32f4xx_hal_cortex.o(.text.HAL_NVIC_EnableIRQ) referenced from dma.o(.text.MX_DMA_Init)
 <LI><a href="#[79]">HAL_NVIC_SetPriority</a> from stm32f4xx_hal_cortex.o(.text.HAL_NVIC_SetPriority) referenced from dma.o(.text.MX_DMA_Init)
 <LI><a href="#[83]">HAL_RCC_GetPCLK1Freq</a> from stm32f4xx_hal_rcc.o(.text.HAL_RCC_GetPCLK1Freq) referenced from stm32f4xx_hal_uart.o(.text.UART_SetConfig)
 <LI><a href="#[82]">HAL_RCC_GetPCLK2Freq</a> from stm32f4xx_hal_rcc.o(.text.HAL_RCC_GetPCLK2Freq) referenced from stm32f4xx_hal_uart.o(.text.UART_SetConfig)
 <LI><a href="#[7b]">HAL_TIM_PWM_ConfigChannel</a> from stm32f4xx_hal_tim.o(.text.HAL_TIM_PWM_ConfigChannel) referenced from timer.o(.text.TIM5_RGB_Init)
 <LI><a href="#[7c]">HAL_TIM_PWM_Start</a> from stm32f4xx_hal_tim.o(.text.HAL_TIM_PWM_Start) referenced from timer.o(.text.TIM5_RGB_Init)
 <LI><a href="#[64]">HASH_RNG_IRQHandler</a> from startup_stm32f407xx.o(.text) referenced from startup_stm32f407xx.o(RESET)
 <LI><a href="#[d]">HardFault_Handler</a> from stm32f4xx_it.o(.text.HardFault_Handler) referenced from startup_stm32f407xx.o(RESET)
 <LI><a href="#[35]">I2C1_ER_IRQHandler</a> from startup_stm32f407xx.o(.text) referenced from startup_stm32f407xx.o(RESET)
 <LI><a href="#[34]">I2C1_EV_IRQHandler</a> from startup_stm32f407xx.o(.text) referenced from startup_stm32f407xx.o(RESET)
 <LI><a href="#[37]">I2C2_ER_IRQHandler</a> from startup_stm32f407xx.o(.text) referenced from startup_stm32f407xx.o(RESET)
 <LI><a href="#[36]">I2C2_EV_IRQHandler</a> from startup_stm32f407xx.o(.text) referenced from startup_stm32f407xx.o(RESET)
 <LI><a href="#[5e]">I2C3_ER_IRQHandler</a> from startup_stm32f407xx.o(.text) referenced from startup_stm32f407xx.o(RESET)
 <LI><a href="#[5d]">I2C3_EV_IRQHandler</a> from startup_stm32f407xx.o(.text) referenced from startup_stm32f407xx.o(RESET)
 <LI><a href="#[69]">IIC_Send_Byte</a> from myiic.o(.text.IIC_Send_Byte) referenced from 24cxx.o(.text.AT24CXX_WriteOneByte)
 <LI><a href="#[6a]">IIC_Wait_Ack</a> from myiic.o(.text.IIC_Wait_Ack) referenced from 24cxx.o(.text.AT24CXX_WriteOneByte)
 <LI><a href="#[76]">LCD_DrawPoint</a> from lcd.o(.text.LCD_DrawPoint) referenced from lcd.o(.text.LCD_Draw_Circle)
 <LI><a href="#[76]">LCD_DrawPoint</a> from lcd.o(.text.LCD_DrawPoint) referenced from touch.o(.text.TP_Drow_Touch_Point)
 <LI><a href="#[f2]">LCD_ShowChar</a> from lcd.o(.text.LCD_ShowChar) referenced from main.o(.text.show_time)
 <LI><a href="#[7e]">LCD_ShowNum</a> from lcd.o(.text.LCD_ShowNum) referenced from touch.o(.text.TP_Adj_Info_Show)
 <LI><a href="#[7d]">LCD_ShowString</a> from lcd.o(.text.LCD_ShowString) referenced from touch.o(.text.TP_Adj_Info_Show)
 <LI><a href="#[9e]">LCD_ShowxNum</a> from lcd.o(.text.LCD_ShowxNum) referenced from main.o(.text.lcd_task)
 <LI><a href="#[9e]">LCD_ShowxNum</a> from lcd.o(.text.LCD_ShowxNum) referenced from main.o(.text.show_time)
 <LI><a href="#[78]">LCD_WR_DATA</a> from lcd.o(.text.LCD_WR_DATA) referenced from lcd.o(.text.LCD_Init)
 <LI><a href="#[78]">LCD_WR_DATA</a> from lcd.o(.text.LCD_WR_DATA) referenced from lcd.o(.text.LCD_SetCursor)
 <LI><a href="#[77]">LCD_WR_REG</a> from lcd.o(.text.LCD_WR_REG) referenced from lcd.o(.text.LCD_Init)
 <LI><a href="#[e]">MemManage_Handler</a> from stm32f4xx_it.o(.text.MemManage_Handler) referenced from startup_stm32f407xx.o(RESET)
 <LI><a href="#[c]">NMI_Handler</a> from stm32f4xx_it.o(.text.NMI_Handler) referenced from startup_stm32f407xx.o(RESET)
 <LI><a href="#[58]">OTG_FS_IRQHandler</a> from startup_stm32f407xx.o(.text) referenced from startup_stm32f407xx.o(RESET)
 <LI><a href="#[3f]">OTG_FS_WKUP_IRQHandler</a> from startup_stm32f407xx.o(.text) referenced from startup_stm32f407xx.o(RESET)
 <LI><a href="#[60]">OTG_HS_EP1_IN_IRQHandler</a> from startup_stm32f407xx.o(.text) referenced from startup_stm32f407xx.o(RESET)
 <LI><a href="#[5f]">OTG_HS_EP1_OUT_IRQHandler</a> from startup_stm32f407xx.o(.text) referenced from startup_stm32f407xx.o(RESET)
 <LI><a href="#[62]">OTG_HS_IRQHandler</a> from startup_stm32f407xx.o(.text) referenced from startup_stm32f407xx.o(RESET)
 <LI><a href="#[61]">OTG_HS_WKUP_IRQHandler</a> from startup_stm32f407xx.o(.text) referenced from startup_stm32f407xx.o(RESET)
 <LI><a href="#[16]">PVD_IRQHandler</a> from startup_stm32f407xx.o(.text) referenced from startup_stm32f407xx.o(RESET)
 <LI><a href="#[13]">PendSV_Handler</a> from port.o(.text.PendSV_Handler) referenced from startup_stm32f407xx.o(RESET)
 <LI><a href="#[1a]">RCC_IRQHandler</a> from startup_stm32f407xx.o(.text) referenced from startup_stm32f407xx.o(RESET)
 <LI><a href="#[3e]">RTC_Alarm_IRQHandler</a> from rtc.o(.text.RTC_Alarm_IRQHandler) referenced from startup_stm32f407xx.o(RESET)
 <LI><a href="#[6c]">RTC_ByteToBcd2</a> from stm32f4xx_hal_rtc.o(.text.RTC_ByteToBcd2) referenced from stm32f4xx_hal_rtc.o(.text.HAL_RTC_SetTime)
 <LI><a href="#[18]">RTC_WKUP_IRQHandler</a> from rtc.o(.text.RTC_WKUP_IRQHandler) referenced from startup_stm32f407xx.o(RESET)
 <LI><a href="#[b]">Reset_Handler</a> from startup_stm32f407xx.o(.text) referenced from startup_stm32f407xx.o(RESET)
 <LI><a href="#[46]">SDIO_IRQHandler</a> from sdio_sdcard.o(.text.SDIO_IRQHandler) referenced from startup_stm32f407xx.o(RESET)
 <LI><a href="#[6e]">SD_DMARxAbort</a> from stm32f4xx_hal_sd.o(.text.SD_DMARxAbort) referenced from stm32f4xx_hal_sd.o(.text.HAL_SD_IRQHandler)
 <LI><a href="#[6d]">SD_DMATxAbort</a> from stm32f4xx_hal_sd.o(.text.SD_DMATxAbort) referenced from stm32f4xx_hal_sd.o(.text.HAL_SD_IRQHandler)
 <LI><a href="#[38]">SPI1_IRQHandler</a> from startup_stm32f407xx.o(.text) referenced from startup_stm32f407xx.o(RESET)
 <LI><a href="#[39]">SPI2_IRQHandler</a> from startup_stm32f407xx.o(.text) referenced from startup_stm32f407xx.o(RESET)
 <LI><a href="#[48]">SPI3_IRQHandler</a> from startup_stm32f407xx.o(.text) referenced from startup_stm32f407xx.o(RESET)
 <LI><a href="#[84]">SPI_ReadWriteByte</a> from spi.o(.text.SPI_ReadWriteByte) referenced from w25qxx.o(.text.W25QXX_ReadID)
 <LI><a href="#[11]">SVC_Handler</a> from port.o(.text.SVC_Handler) referenced from startup_stm32f407xx.o(RESET)
 <LI><a href="#[75]">Set_Duty_Cycle</a> from rgb.o(.text.Set_Duty_Cycle) referenced from main.o(.text.Init_All)
 <LI><a href="#[14]">SysTick_Handler</a> from delay.o(.text.SysTick_Handler) referenced from startup_stm32f407xx.o(RESET)
 <LI><a href="#[67]">SystemInit</a> from system_stm32f4xx.o(.text.SystemInit) referenced from startup_stm32f407xx.o(.text)
 <LI><a href="#[17]">TAMP_STAMP_IRQHandler</a> from startup_stm32f407xx.o(.text) referenced from startup_stm32f407xx.o(RESET)
 <LI><a href="#[2d]">TIM1_BRK_TIM9_IRQHandler</a> from startup_stm32f407xx.o(.text) referenced from startup_stm32f407xx.o(RESET)
 <LI><a href="#[30]">TIM1_CC_IRQHandler</a> from startup_stm32f407xx.o(.text) referenced from startup_stm32f407xx.o(RESET)
 <LI><a href="#[2f]">TIM1_TRG_COM_TIM11_IRQHandler</a> from startup_stm32f407xx.o(.text) referenced from startup_stm32f407xx.o(RESET)
 <LI><a href="#[2e]">TIM1_UP_TIM10_IRQHandler</a> from startup_stm32f407xx.o(.text) referenced from startup_stm32f407xx.o(RESET)
 <LI><a href="#[31]">TIM2_IRQHandler</a> from timer.o(.text.TIM2_IRQHandler) referenced from startup_stm32f407xx.o(RESET)
 <LI><a href="#[32]">TIM3_IRQHandler</a> from startup_stm32f407xx.o(.text) referenced from startup_stm32f407xx.o(RESET)
 <LI><a href="#[33]">TIM4_IRQHandler</a> from startup_stm32f407xx.o(.text) referenced from startup_stm32f407xx.o(RESET)
 <LI><a href="#[47]">TIM5_IRQHandler</a> from startup_stm32f407xx.o(.text) referenced from startup_stm32f407xx.o(RESET)
 <LI><a href="#[4b]">TIM6_DAC_IRQHandler</a> from startup_stm32f407xx.o(.text) referenced from startup_stm32f407xx.o(RESET)
 <LI><a href="#[4c]">TIM7_IRQHandler</a> from timer.o(.text.TIM7_IRQHandler) referenced from startup_stm32f407xx.o(RESET)
 <LI><a href="#[40]">TIM8_BRK_TIM12_IRQHandler</a> from startup_stm32f407xx.o(.text) referenced from startup_stm32f407xx.o(RESET)
 <LI><a href="#[43]">TIM8_CC_IRQHandler</a> from startup_stm32f407xx.o(.text) referenced from startup_stm32f407xx.o(RESET)
 <LI><a href="#[42]">TIM8_TRG_COM_TIM14_IRQHandler</a> from startup_stm32f407xx.o(.text) referenced from startup_stm32f407xx.o(RESET)
 <LI><a href="#[41]">TIM8_UP_TIM13_IRQHandler</a> from startup_stm32f407xx.o(.text) referenced from startup_stm32f407xx.o(RESET)
 <LI><a href="#[8]">TP_Adjust</a> from touch.o(.text.TP_Adjust) referenced 2 times from touch.o(.data..L_MergedGlobals)
 <LI><a href="#[6]">TP_Init</a> from touch.o(.text.TP_Init) referenced 2 times from touch.o(.data..L_MergedGlobals)
 <LI><a href="#[7]">TP_Scan</a> from touch.o(.text.TP_Scan) referenced 2 times from touch.o(.data..L_MergedGlobals)
 <LI><a href="#[49]">UART4_IRQHandler</a> from startup_stm32f407xx.o(.text) referenced from startup_stm32f407xx.o(RESET)
 <LI><a href="#[4a]">UART5_IRQHandler</a> from startup_stm32f407xx.o(.text) referenced from startup_stm32f407xx.o(RESET)
 <LI><a href="#[6f]">UART_DMAAbortOnError</a> from stm32f4xx_hal_uart.o(.text.UART_DMAAbortOnError) referenced from stm32f4xx_hal_uart.o(.text.HAL_UART_IRQHandler)
 <LI><a href="#[72]">UART_DMAError</a> from stm32f4xx_hal_uart.o(.text.UART_DMAError) referenced from stm32f4xx_hal_uart.o(.text.HAL_UART_Transmit_DMA)
 <LI><a href="#[71]">UART_DMAReceiveCplt</a> from stm32f4xx_hal_uart.o(.text.UART_DMAReceiveCplt) referenced from stm32f4xx_hal_uart.o(.text.HAL_UART_Receive_DMA)
 <LI><a href="#[70]">UART_DMARxHalfCplt</a> from stm32f4xx_hal_uart.o(.text.UART_DMARxHalfCplt) referenced from stm32f4xx_hal_uart.o(.text.HAL_UART_Receive_DMA)
 <LI><a href="#[74]">UART_DMATransmitCplt</a> from stm32f4xx_hal_uart.o(.text.UART_DMATransmitCplt) referenced from stm32f4xx_hal_uart.o(.text.HAL_UART_Transmit_DMA)
 <LI><a href="#[73]">UART_DMATxHalfCplt</a> from stm32f4xx_hal_uart.o(.text.UART_DMATxHalfCplt) referenced from stm32f4xx_hal_uart.o(.text.HAL_UART_Transmit_DMA)
 <LI><a href="#[3a]">USART1_IRQHandler</a> from usart.o(.text.USART1_IRQHandler) referenced from startup_stm32f407xx.o(RESET)
 <LI><a href="#[3b]">USART2_IRQHandler</a> from startup_stm32f407xx.o(.text) referenced from startup_stm32f407xx.o(RESET)
 <LI><a href="#[3c]">USART3_IRQHandler</a> from usart.o(.text.USART3_IRQHandler) referenced from startup_stm32f407xx.o(RESET)
 <LI><a href="#[5c]">USART6_IRQHandler</a> from startup_stm32f407xx.o(.text) referenced from startup_stm32f407xx.o(RESET)
 <LI><a href="#[10]">UsageFault_Handler</a> from stm32f4xx_it.o(.text.UsageFault_Handler) referenced from startup_stm32f407xx.o(RESET)
 <LI><a href="#[15]">WWDG_IRQHandler</a> from startup_stm32f407xx.o(.text) referenced from startup_stm32f407xx.o(RESET)
 <LI><a href="#[68]">__main</a> from entry.o(.ARM.Collect$$$$00000000) referenced from startup_stm32f407xx.o(.text)
 <LI><a href="#[aa]">_lv_disp_refr_task</a> from lv_refr.o(.text._lv_disp_refr_task) referenced from lv_hal_disp.o(.text.lv_disp_drv_register)
 <LI><a href="#[ba]">_lv_indev_read_task</a> from lv_indev.o(.text._lv_indev_read_task) referenced from lv_hal_indev.o(.text.lv_indev_drv_register)
 <LI><a href="#[b2]">_lv_ll_get_head</a> from lv_ll.o(.text._lv_ll_get_head) referenced from lv_group.o(.text.lv_group_focus_next)
 <LI><a href="#[b3]">_lv_ll_get_next</a> from lv_ll.o(.text._lv_ll_get_next) referenced from lv_group.o(.text.lv_group_focus_next)
 <LI><a href="#[b5]">_lv_ll_get_prev</a> from lv_ll.o(.text._lv_ll_get_prev) referenced from lv_group.o(.text.lv_group_focus_prev)
 <LI><a href="#[b4]">_lv_ll_get_tail</a> from lv_ll.o(.text._lv_ll_get_tail) referenced from lv_group.o(.text.lv_group_focus_prev)
 <LI><a href="#[bb]">_lv_ll_init</a> from lv_ll.o(.text._lv_ll_init) referenced from lv_obj.o(.text.lv_init)
 <LI><a href="#[89]">_lv_memcpy_small</a> from lv_img_buf.o(.text._lv_memcpy_small) referenced from lv_img_buf.o(.text._lv_img_buf_transform_anti_alias)
 <LI><a href="#[91]">_lv_memcpy_small</a> from lv_style.o(.text._lv_memcpy_small) referenced from lv_style.o(.text._lv_style_set_ptr)
 <LI><a href="#[a1]">_lv_obj_get_style_int</a> from lv_obj.o(.text._lv_obj_get_style_int) referenced from lv_bar.o(.text.lv_bar_design)
 <LI><a href="#[a1]">_lv_obj_get_style_int</a> from lv_obj.o(.text._lv_obj_get_style_int) referenced from lv_obj.o(.text.lv_obj_set_state)
 <LI><a href="#[a1]">_lv_obj_get_style_int</a> from lv_obj.o(.text._lv_obj_get_style_int) referenced from lv_obj.o(.text.style_snapshot)
 <LI><a href="#[fa]">_lv_style_list_add_style</a> from lv_style.o(.text._lv_style_list_add_style) referenced from lv_theme_material.o(.text.theme_apply)
 <LI><a href="#[8c]">_lv_trigo_sin</a> from lv_math.o(.text._lv_trigo_sin) referenced from lv_img_buf.o(.text._lv_img_buf_transform_init)
 <LI><a href="#[100]">_snputc</a> from printfa.o(i._snputc) referenced from printfa.o(i.__0vsnprintf)
 <LI><a href="#[ff]">_sputc</a> from printfa.o(i._sputc) referenced from printfa.o(i.__0sprintf)
 <LI><a href="#[85]">anim_task</a> from lv_anim.o(.text.anim_task) referenced from lv_anim.o(.text._lv_anim_core_init)
 <LI><a href="#[f7]">collect_task</a> from main.o(.text.collect_task) referenced from main.o(.text.start_task)
 <LI><a href="#[86]">color_blend_true_color_additive</a> from lv_draw_blend.o(.text.color_blend_true_color_additive) referenced from lv_draw_blend.o(.text._lv_blend_map)
 <LI><a href="#[87]">color_blend_true_color_subtractive</a> from lv_draw_blend.o(.text.color_blend_true_color_subtractive) referenced from lv_draw_blend.o(.text._lv_blend_map)
 <LI><a href="#[6b]">delay_us</a> from delay.o(.text.delay_us) referenced from ds18b20.o(.text.DS18B20_Read_Bit)
 <LI><a href="#[6b]">delay_us</a> from delay.o(.text.delay_us) referenced from myiic.o(.text.IIC_Send_Byte)
 <LI><a href="#[6b]">delay_us</a> from delay.o(.text.delay_us) referenced from touch.o(.text.TP_Read_AD)
 <LI><a href="#[cb]">disp_flush</a> from lv_port_disp.o(.text.disp_flush) referenced from lv_port_disp.o(.text.lv_port_disp_init)
 <LI><a href="#[f6]">event_task</a> from main.o(.text.event_task) referenced from main.o(.text.start_task)
 <LI><a href="#[99]">exchangeBytes</a> from common.o(.text.exchangeBytes) referenced from gizwits_protocol.o(.text.gizDataPoints2ReportData)
 <LI><a href="#[96]">gizByteOrderExchange</a> from datapointtools.o(.text.gizByteOrderExchange) referenced from gizwits_protocol.o(.text.gizDataPoints2ReportData)
 <LI><a href="#[95]">gizStandardCompressValue</a> from datapointtools.o(.text.gizStandardCompressValue) referenced from gizwits_protocol.o(.text.gizDataPoints2ReportData)
 <LI><a href="#[97]">gizY2X</a> from datapointtools.o(.text.gizY2X) referenced from gizwits_protocol.o(.text.gizDataPoints2ReportData)
 <LI><a href="#[98]">gizY2XFloat</a> from datapointtools.o(.text.gizY2XFloat) referenced from gizwits_protocol.o(.text.gizDataPoints2ReportData)
 <LI><a href="#[ac]">hex_char_to_num</a> from lv_draw_label.o(.text.hex_char_to_num) referenced from lv_draw_label.o(.text.lv_draw_label)
 <LI><a href="#[f8]">iot_task</a> from main.o(.text.iot_task) referenced from main.o(.text.start_task)
 <LI><a href="#[b0]">kern_pair_16_compare</a> from lv_font_fmt_txt.o(.text.kern_pair_16_compare) referenced from lv_font_fmt_txt.o(.text.lv_font_get_glyph_dsc_fmt_txt)
 <LI><a href="#[b1]">kern_pair_8_compare</a> from lv_font_fmt_txt.o(.text.kern_pair_8_compare) referenced from lv_font_fmt_txt.o(.text.lv_font_get_glyph_dsc_fmt_txt)
 <LI><a href="#[9a]">key1LongPress</a> from key.o(.text.key1LongPress) referenced from key.o(.text.keyInit)
 <LI><a href="#[9b]">key1ShortPress</a> from key.o(.text.key1ShortPress) referenced from key.o(.text.keyInit)
 <LI><a href="#[9c]">key2LongPress</a> from key.o(.text.key2LongPress) referenced from key.o(.text.keyInit)
 <LI><a href="#[9d]">key2ShortPress</a> from key.o(.text.key2ShortPress) referenced from key.o(.text.keyInit)
 <LI><a href="#[f3]">lcd_task</a> from main.o(.text.lcd_task) referenced from main.o(.text.start_task)
 <LI><a href="#[bf]">lv_anim_del</a> from lv_anim.o(.text.lv_anim_del) referenced from lv_label.o(.text.lv_label_set_long_mode)
 <LI><a href="#[101]">lv_anim_path_linear</a> from lv_anim.o(.text.lv_anim_path_linear) referenced from lv_anim.o(.rodata.lv_anim_path_def)
 <LI><a href="#[a3]">lv_area_get_height</a> from lv_bar.o(.text.lv_area_get_height) referenced from lv_bar.o(.text.lv_bar_design)
 <LI><a href="#[88]">lv_area_get_size</a> from lv_area.o(.text.lv_area_get_size) referenced from lv_refr.o(.text._lv_disp_refr_task)
 <LI><a href="#[a2]">lv_area_get_width</a> from lv_bar.o(.text.lv_area_get_width) referenced from lv_bar.o(.text.lv_bar_design)
 <LI><a href="#[a5]">lv_bar_anim</a> from lv_bar.o(.text.lv_bar_anim) referenced from lv_bar.o(.text.lv_bar_set_value_with_anim)
 <LI><a href="#[a6]">lv_bar_anim_ready</a> from lv_bar.o(.text.lv_bar_anim_ready) referenced from lv_bar.o(.text.lv_bar_set_value_with_anim)
 <LI><a href="#[a0]">lv_bar_design</a> from lv_bar.o(.text.lv_bar_design) referenced from lv_bar.o(.text.lv_bar_create)
 <LI><a href="#[9f]">lv_bar_signal</a> from lv_bar.o(.text.lv_bar_signal) referenced from lv_bar.o(.text.lv_bar_create)
 <LI><a href="#[a8]">lv_btn_design</a> from lv_btn.o(.text.lv_btn_design) referenced from lv_btn.o(.text.lv_btn_create)
 <LI><a href="#[a7]">lv_btn_signal</a> from lv_btn.o(.text.lv_btn_signal) referenced from lv_btn.o(.text.lv_btn_create)
 <LI><a href="#[d1]">lv_color_hex</a> from lv_theme_material.o(.text.lv_color_hex) referenced from lv_theme_material.o(.text.lv_theme_material_init)
 <LI><a href="#[d5]">lv_color_hex3</a> from lv_theme_material.o(.text.lv_color_hex3) referenced from lv_theme_material.o(.text.lv_theme_material_init)
 <LI><a href="#[c5]">lv_color_mix</a> from lv_led.o(.text.lv_color_mix) referenced from lv_led.o(.text.lv_led_design)
 <LI><a href="#[a9]">lv_cont_signal</a> from lv_cont.o(.text.lv_cont_signal) referenced from lv_cont.o(.text.lv_cont_create)
 <LI><a href="#[ae]">lv_draw_mask_line</a> from lv_draw_mask.o(.text.lv_draw_mask_line) referenced from lv_draw_mask.o(.text.lv_draw_mask_line_points_init)
 <LI><a href="#[af]">lv_draw_mask_radius</a> from lv_draw_mask.o(.text.lv_draw_mask_radius) referenced from lv_draw_mask.o(.text.lv_draw_mask_radius_init)
 <LI><a href="#[ad]">lv_draw_mask_remove_id</a> from lv_draw_mask.o(.text.lv_draw_mask_remove_id) referenced from lv_draw_line.o(.text.lv_draw_line)
 <LI><a href="#[a4]">lv_draw_rect</a> from lv_draw_rect.o(.text.lv_draw_rect) referenced from lv_bar.o(.text.lv_bar_design)
 <LI><a href="#[5]">lv_font_get_bitmap_fmt_txt</a> from lv_font_fmt_txt.o(.text.lv_font_get_bitmap_fmt_txt) referenced 2 times from lv_font_montserratmedium_12.o(.data.lv_font_montserratMedium_12)
 <LI><a href="#[5]">lv_font_get_bitmap_fmt_txt</a> from lv_font_fmt_txt.o(.text.lv_font_get_bitmap_fmt_txt) referenced 2 times from lv_font_montserrat_12.o(.data.lv_font_montserrat_12)
 <LI><a href="#[4]">lv_font_get_glyph_dsc_fmt_txt</a> from lv_font_fmt_txt.o(.text.lv_font_get_glyph_dsc_fmt_txt) referenced 2 times from lv_font_montserratmedium_12.o(.data.lv_font_montserratMedium_12)
 <LI><a href="#[4]">lv_font_get_glyph_dsc_fmt_txt</a> from lv_font_fmt_txt.o(.text.lv_font_get_glyph_dsc_fmt_txt) referenced 2 times from lv_font_montserrat_12.o(.data.lv_font_montserrat_12)
 <LI><a href="#[8b]">lv_img_buf_get_px_alpha</a> from lv_img_buf.o(.text.lv_img_buf_get_px_alpha) referenced from lv_img_buf.o(.text._lv_img_buf_transform_anti_alias)
 <LI><a href="#[8a]">lv_img_buf_get_px_color</a> from lv_img_buf.o(.text.lv_img_buf_get_px_color) referenced from lv_img_buf.o(.text._lv_img_buf_transform_anti_alias)
 <LI><a href="#[8d]">lv_img_decoder_built_in_close</a> from lv_img_decoder.o(.text.lv_img_decoder_built_in_close) referenced from lv_img_decoder.o(.text._lv_img_decoder_init)
 <LI><a href="#[90]">lv_img_decoder_built_in_info</a> from lv_img_decoder.o(.text.lv_img_decoder_built_in_info) referenced from lv_img_decoder.o(.text._lv_img_decoder_init)
 <LI><a href="#[8f]">lv_img_decoder_built_in_open</a> from lv_img_decoder.o(.text.lv_img_decoder_built_in_open) referenced from lv_img_decoder.o(.text._lv_img_decoder_init)
 <LI><a href="#[8e]">lv_img_decoder_built_in_read_line</a> from lv_img_decoder.o(.text.lv_img_decoder_built_in_read_line) referenced from lv_img_decoder.o(.text._lv_img_decoder_init)
 <LI><a href="#[b7]">lv_img_design</a> from lv_img.o(.text.lv_img_design) referenced from lv_img.o(.text.lv_img_create)
 <LI><a href="#[b6]">lv_img_signal</a> from lv_img.o(.text.lv_img_signal) referenced from lv_img.o(.text.lv_img_create)
 <LI><a href="#[b9]">lv_imgbtn_design</a> from lv_imgbtn.o(.text.lv_imgbtn_design) referenced from lv_imgbtn.o(.text.lv_imgbtn_create)
 <LI><a href="#[ed]">lv_imgbtn_set_src</a> from lv_imgbtn.o(.text.lv_imgbtn_set_src) referenced from setup_scr_screen.o(.text.setup_scr_screen)
 <LI><a href="#[b8]">lv_imgbtn_signal</a> from lv_imgbtn.o(.text.lv_imgbtn_signal) referenced from lv_imgbtn.o(.text.lv_imgbtn_create)
 <LI><a href="#[bc]">lv_label_design</a> from lv_label.o(.text.lv_label_design) referenced from lv_label.o(.text.lv_label_create)
 <LI><a href="#[c1]">lv_label_set_offset_x</a> from lv_label.o(.text.lv_label_set_offset_x) referenced from lv_label.o(.text.lv_label_set_long_mode)
 <LI><a href="#[c2]">lv_label_set_offset_y</a> from lv_label.o(.text.lv_label_set_offset_y) referenced from lv_label.o(.text.lv_label_set_long_mode)
 <LI><a href="#[bd]">lv_label_signal</a> from lv_label.o(.text.lv_label_signal) referenced from lv_label.o(.text.lv_label_create)
 <LI><a href="#[ee]">lv_led_create</a> from lv_led.o(.text.lv_led_create) referenced from setup_scr_screen.o(.text.setup_scr_screen)
 <LI><a href="#[c4]">lv_led_design</a> from lv_led.o(.text.lv_led_design) referenced from lv_led.o(.text.lv_led_create)
 <LI><a href="#[f1]">lv_led_set_bright</a> from lv_led.o(.text.lv_led_set_bright) referenced from setup_scr_screen.o(.text.setup_scr_screen)
 <LI><a href="#[c3]">lv_led_signal</a> from lv_led.o(.text.lv_led_signal) referenced from lv_led.o(.text.lv_led_create)
 <LI><a href="#[e9]">lv_obj_add_style</a> from lv_obj.o(.text.lv_obj_add_style) referenced from setup_scr_screen.o(.text.setup_scr_screen)
 <LI><a href="#[d0]">lv_obj_clean_style_list</a> from lv_obj.o(.text.lv_obj_clean_style_list) referenced from lv_theme.o(.text.lv_theme_apply)
 <LI><a href="#[ab]">lv_obj_create</a> from lv_obj.o(.text.lv_obj_create) referenced from lv_hal_disp.o(.text.lv_disp_drv_register)
 <LI><a href="#[c6]">lv_obj_design</a> from lv_obj.o(.text.lv_obj_design) referenced from lv_obj.o(.text.lv_obj_create)
 <LI><a href="#[f9]">lv_obj_get_style_list</a> from lv_obj.o(.text.lv_obj_get_style_list) referenced from lv_theme_material.o(.text.theme_apply)
 <LI><a href="#[ec]">lv_obj_set_click</a> from lv_obj.o(.text.lv_obj_set_click) referenced from setup_scr_screen.o(.text.setup_scr_screen)
 <LI><a href="#[ea]">lv_obj_set_pos</a> from lv_obj.o(.text.lv_obj_set_pos) referenced from setup_scr_screen.o(.text.setup_scr_screen)
 <LI><a href="#[eb]">lv_obj_set_size</a> from lv_obj.o(.text.lv_obj_set_size) referenced from setup_scr_screen.o(.text.setup_scr_screen)
 <LI><a href="#[be]">lv_obj_set_x</a> from lv_obj.o(.text.lv_obj_set_x) referenced from lv_label.o(.text.lv_label_set_long_mode)
 <LI><a href="#[c0]">lv_obj_set_y</a> from lv_obj.o(.text.lv_obj_set_y) referenced from lv_label.o(.text.lv_label_set_long_mode)
 <LI><a href="#[c7]">lv_obj_signal</a> from lv_obj.o(.text.lv_obj_signal) referenced from lv_obj.o(.text.lv_obj_create)
 <LI><a href="#[cd]">lv_refr_obj_and_children</a> from lv_refr.o(.text.lv_refr_obj_and_children) referenced from lv_refr.o(.text.lv_refr_area_part)
 <LI><a href="#[dc]">lv_style_init</a> from lv_style.o(.text.lv_style_init) referenced from setup_scr_screen.o(.text.setup_scr_screen)
 <LI><a href="#[d2]">lv_style_set_bg_color</a> from lv_theme_material.o(.text.lv_style_set_bg_color) referenced from lv_theme_material.o(.text.lv_theme_material_init)
 <LI><a href="#[de]">lv_style_set_bg_color</a> from setup_scr_screen.o(.text.lv_style_set_bg_color) referenced from setup_scr_screen.o(.text.setup_scr_screen)
 <LI><a href="#[df]">lv_style_set_bg_grad_color</a> from setup_scr_screen.o(.text.lv_style_set_bg_grad_color) referenced from setup_scr_screen.o(.text.setup_scr_screen)
 <LI><a href="#[e0]">lv_style_set_bg_grad_dir</a> from setup_scr_screen.o(.text.lv_style_set_bg_grad_dir) referenced from setup_scr_screen.o(.text.setup_scr_screen)
 <LI><a href="#[d8]">lv_style_set_bg_opa</a> from lv_theme_material.o(.text.lv_style_set_bg_opa) referenced from lv_theme_material.o(.text.lv_theme_material_init)
 <LI><a href="#[e1]">lv_style_set_bg_opa</a> from setup_scr_screen.o(.text.lv_style_set_bg_opa) referenced from setup_scr_screen.o(.text.setup_scr_screen)
 <LI><a href="#[d3]">lv_style_set_border_color</a> from lv_theme_material.o(.text.lv_style_set_border_color) referenced from lv_theme_material.o(.text.lv_theme_material_init)
 <LI><a href="#[e2]">lv_style_set_border_color</a> from setup_scr_screen.o(.text.lv_style_set_border_color) referenced from setup_scr_screen.o(.text.setup_scr_screen)
 <LI><a href="#[e4]">lv_style_set_border_opa</a> from setup_scr_screen.o(.text.lv_style_set_border_opa) referenced from setup_scr_screen.o(.text.setup_scr_screen)
 <LI><a href="#[e3]">lv_style_set_border_width</a> from setup_scr_screen.o(.text.lv_style_set_border_width) referenced from setup_scr_screen.o(.text.setup_scr_screen)
 <LI><a href="#[d6]">lv_style_set_image_recolor</a> from lv_theme_material.o(.text.lv_style_set_image_recolor) referenced 2 times from lv_theme_material.o(.text.lv_theme_material_init)
 <LI><a href="#[e8]">lv_style_set_pad_bottom</a> from setup_scr_screen.o(.text.lv_style_set_pad_bottom) referenced from setup_scr_screen.o(.text.setup_scr_screen)
 <LI><a href="#[e5]">lv_style_set_pad_left</a> from setup_scr_screen.o(.text.lv_style_set_pad_left) referenced from setup_scr_screen.o(.text.setup_scr_screen)
 <LI><a href="#[e6]">lv_style_set_pad_right</a> from setup_scr_screen.o(.text.lv_style_set_pad_right) referenced from setup_scr_screen.o(.text.setup_scr_screen)
 <LI><a href="#[e7]">lv_style_set_pad_top</a> from setup_scr_screen.o(.text.lv_style_set_pad_top) referenced from setup_scr_screen.o(.text.setup_scr_screen)
 <LI><a href="#[dd]">lv_style_set_radius</a> from setup_scr_screen.o(.text.lv_style_set_radius) referenced from setup_scr_screen.o(.text.setup_scr_screen)
 <LI><a href="#[ef]">lv_style_set_shadow_color</a> from setup_scr_screen.o(.text.lv_style_set_shadow_color) referenced from setup_scr_screen.o(.text.setup_scr_screen)
 <LI><a href="#[f0]">lv_style_set_shadow_width</a> from setup_scr_screen.o(.text.lv_style_set_shadow_width) referenced from setup_scr_screen.o(.text.setup_scr_screen)
 <LI><a href="#[d4]">lv_style_set_text_color</a> from lv_theme_material.o(.text.lv_style_set_text_color) referenced from lv_theme_material.o(.text.lv_theme_material_init)
 <LI><a href="#[d7]">lv_style_set_value_color</a> from lv_theme_material.o(.text.lv_style_set_value_color) referenced from lv_theme_material.o(.text.lv_theme_material_init)
 <LI><a href="#[cf]">lv_switch_design</a> from lv_switch.o(.text.lv_switch_design) referenced from lv_switch.o(.text.lv_switch_create)
 <LI><a href="#[ce]">lv_switch_signal</a> from lv_switch.o(.text.lv_switch_signal) referenced from lv_switch.o(.text.lv_switch_create)
 <LI><a href="#[2]">lv_txt_utf8_get_byte_id</a> from lv_txt.o(.text.lv_txt_utf8_get_byte_id) referenced 2 times from lv_txt.o(.data._lv_txt_encoded_get_byte_id)
 <LI><a href="#[9]">lv_txt_utf8_get_char_id</a> from lv_txt.o(.text.lv_txt_utf8_get_char_id) referenced 2 times from lv_txt.o(.data._lv_txt_encoded_get_char_id)
 <LI><a href="#[3]">lv_txt_utf8_get_length</a> from lv_txt.o(.text.lv_txt_utf8_get_length) referenced 2 times from lv_txt.o(.data._lv_txt_get_encoded_length)
 <LI><a href="#[1]">lv_txt_utf8_next</a> from lv_txt.o(.text.lv_txt_utf8_next) referenced 2 times from lv_txt.o(.data..L_MergedGlobals)
 <LI><a href="#[a]">lv_txt_utf8_prev</a> from lv_txt.o(.text.lv_txt_utf8_prev) referenced 2 times from lv_txt.o(.data._lv_txt_encoded_prev)
 <LI><a href="#[0]">lv_txt_utf8_size</a> from lv_txt.o(.text.lv_txt_utf8_size) referenced 2 times from lv_txt.o(.data..L_MergedGlobals)
 <LI><a href="#[66]">main</a> from main.o(.text.main) referenced from entry9a.o(.ARM.Collect$$$$0000000B)
 <LI><a href="#[fc]">prvIdleTask</a> from tasks.o(.text.prvIdleTask) referenced from tasks.o(.text.vTaskStartScheduler)
 <LI><a href="#[fb]">prvListTasksWithinSingleList</a> from tasks.o(.text.prvListTasksWithinSingleList) referenced from tasks.o(.text.uxTaskGetSystemState)
 <LI><a href="#[db]">prvTaskExitError</a> from port.o(.text.prvTaskExitError) referenced from port.o(.text.pxPortInitialiseStack)
 <LI><a href="#[fe]">prvTimerTask</a> from timers.o(.text.prvTimerTask) referenced from timers.o(.text.xTimerCreateTimerTask)
 <LI><a href="#[93]">screen_imgbtn4event_handler</a> from events_init.o(.text.screen_imgbtn4event_handler) referenced from events_init.o(.text.events_init_screen)
 <LI><a href="#[92]">screen_sw1event_handler</a> from events_init.o(.text.screen_sw1event_handler) referenced from events_init.o(.text.events_init_screen)
 <LI><a href="#[da]">start_task</a> from main.o(.text.start_task) referenced from main.o(.text.main)
 <LI><a href="#[d9]">theme_apply</a> from lv_theme_material.o(.text.theme_apply) referenced from lv_theme_material.o(.text.lv_theme_material_init)
 <LI><a href="#[cc]">touchpad_read</a> from lv_port_indev.o(.text.touchpad_read) referenced from lv_port_indev.o(.text.lv_port_indev_init)
 <LI><a href="#[ca]">trans_anim_cb</a> from lv_obj.o(.text.trans_anim_cb) referenced from lv_obj.o(.text.lv_obj_set_state)
 <LI><a href="#[c8]">trans_anim_ready_cb</a> from lv_obj.o(.text.trans_anim_ready_cb) referenced from lv_obj.o(.text.lv_obj_set_state)
 <LI><a href="#[c9]">trans_anim_start_cb</a> from lv_obj.o(.text.trans_anim_start_cb) referenced from lv_obj.o(.text.lv_obj_set_state)
 <LI><a href="#[94]">unicode_list_compare</a> from lv_font_fmt_txt.o(.text.unicode_list_compare) referenced from lv_font_fmt_txt.o(.text.get_glyph_dsc_id)
 <LI><a href="#[fd]">vListInitialise</a> from list.o(.text.vListInitialise) referenced from tasks.o(.text.xTaskCreate)
 <LI><a href="#[f4]">xTaskCreate</a> from tasks.o(.text.xTaskCreate) referenced from main.o(.text.start_task)
</UL>
<P>
<H3>
Global Symbols
</H3>
<P><STRONG><a name="[68]"></a>__main</STRONG> (Thumb, 0 bytes, Stack size unknown bytes, entry.o(.ARM.Collect$$$$00000000))
<BR>[Address Reference Count : 1]<UL><LI> startup_stm32f407xx.o(.text)
</UL>
<P><STRONG><a name="[5bf]"></a>_main_stk</STRONG> (Thumb, 0 bytes, Stack size unknown bytes, entry2.o(.ARM.Collect$$$$00000001))

<P><STRONG><a name="[102]"></a>_main_scatterload</STRONG> (Thumb, 0 bytes, Stack size unknown bytes, entry5.o(.ARM.Collect$$$$00000004))
<BR><BR>[Calls]<UL><LI><a href="#[103]">&gt;&gt;</a>&nbsp;&nbsp;&nbsp;__scatterload
</UL>

<P><STRONG><a name="[119]"></a>__main_after_scatterload</STRONG> (Thumb, 0 bytes, Stack size unknown bytes, entry5.o(.ARM.Collect$$$$00000004))
<BR><BR>[Called By]<UL><LI><a href="#[103]">&gt;&gt;</a>&nbsp;&nbsp;&nbsp;__scatterload
</UL>

<P><STRONG><a name="[5c0]"></a>_main_clock</STRONG> (Thumb, 0 bytes, Stack size unknown bytes, entry7b.o(.ARM.Collect$$$$00000008))

<P><STRONG><a name="[5c1]"></a>_main_cpp_init</STRONG> (Thumb, 0 bytes, Stack size unknown bytes, entry8b.o(.ARM.Collect$$$$0000000A))

<P><STRONG><a name="[5c2]"></a>_main_init</STRONG> (Thumb, 0 bytes, Stack size unknown bytes, entry9a.o(.ARM.Collect$$$$0000000B))

<P><STRONG><a name="[5c3]"></a>__rt_final_cpp</STRONG> (Thumb, 0 bytes, Stack size unknown bytes, entry10a.o(.ARM.Collect$$$$0000000D))

<P><STRONG><a name="[5c4]"></a>__rt_final_exit</STRONG> (Thumb, 0 bytes, Stack size unknown bytes, entry11a.o(.ARM.Collect$$$$0000000F))

<P><STRONG><a name="[b]"></a>Reset_Handler</STRONG> (Thumb, 8 bytes, Stack size 0 bytes, startup_stm32f407xx.o(.text))
<BR>[Address Reference Count : 1]<UL><LI> startup_stm32f407xx.o(RESET)
</UL>
<P><STRONG><a name="[27]"></a>ADC_IRQHandler</STRONG> (Thumb, 0 bytes, Stack size 0 bytes, startup_stm32f407xx.o(.text))
<BR><BR>[Calls]<UL><LI><a href="#[27]">&gt;&gt;</a>&nbsp;&nbsp;&nbsp;ADC_IRQHandler
</UL>
<BR>[Called By]<UL><LI><a href="#[27]">&gt;&gt;</a>&nbsp;&nbsp;&nbsp;ADC_IRQHandler
</UL>
<BR>[Address Reference Count : 1]<UL><LI> startup_stm32f407xx.o(RESET)
</UL>
<P><STRONG><a name="[29]"></a>CAN1_RX0_IRQHandler</STRONG> (Thumb, 0 bytes, Stack size 0 bytes, startup_stm32f407xx.o(.text))
<BR>[Address Reference Count : 1]<UL><LI> startup_stm32f407xx.o(RESET)
</UL>
<P><STRONG><a name="[2a]"></a>CAN1_RX1_IRQHandler</STRONG> (Thumb, 0 bytes, Stack size 0 bytes, startup_stm32f407xx.o(.text))
<BR>[Address Reference Count : 1]<UL><LI> startup_stm32f407xx.o(RESET)
</UL>
<P><STRONG><a name="[2b]"></a>CAN1_SCE_IRQHandler</STRONG> (Thumb, 0 bytes, Stack size 0 bytes, startup_stm32f407xx.o(.text))
<BR>[Address Reference Count : 1]<UL><LI> startup_stm32f407xx.o(RESET)
</UL>
<P><STRONG><a name="[28]"></a>CAN1_TX_IRQHandler</STRONG> (Thumb, 0 bytes, Stack size 0 bytes, startup_stm32f407xx.o(.text))
<BR>[Address Reference Count : 1]<UL><LI> startup_stm32f407xx.o(RESET)
</UL>
<P><STRONG><a name="[55]"></a>CAN2_RX0_IRQHandler</STRONG> (Thumb, 0 bytes, Stack size 0 bytes, startup_stm32f407xx.o(.text))
<BR>[Address Reference Count : 1]<UL><LI> startup_stm32f407xx.o(RESET)
</UL>
<P><STRONG><a name="[56]"></a>CAN2_RX1_IRQHandler</STRONG> (Thumb, 0 bytes, Stack size 0 bytes, startup_stm32f407xx.o(.text))
<BR>[Address Reference Count : 1]<UL><LI> startup_stm32f407xx.o(RESET)
</UL>
<P><STRONG><a name="[57]"></a>CAN2_SCE_IRQHandler</STRONG> (Thumb, 0 bytes, Stack size 0 bytes, startup_stm32f407xx.o(.text))
<BR>[Address Reference Count : 1]<UL><LI> startup_stm32f407xx.o(RESET)
</UL>
<P><STRONG><a name="[54]"></a>CAN2_TX_IRQHandler</STRONG> (Thumb, 0 bytes, Stack size 0 bytes, startup_stm32f407xx.o(.text))
<BR>[Address Reference Count : 1]<UL><LI> startup_stm32f407xx.o(RESET)
</UL>
<P><STRONG><a name="[63]"></a>DCMI_IRQHandler</STRONG> (Thumb, 0 bytes, Stack size 0 bytes, startup_stm32f407xx.o(.text))
<BR>[Address Reference Count : 1]<UL><LI> startup_stm32f407xx.o(RESET)
</UL>
<P><STRONG><a name="[20]"></a>DMA1_Stream0_IRQHandler</STRONG> (Thumb, 0 bytes, Stack size 0 bytes, startup_stm32f407xx.o(.text))
<BR>[Address Reference Count : 1]<UL><LI> startup_stm32f407xx.o(RESET)
</UL>
<P><STRONG><a name="[22]"></a>DMA1_Stream2_IRQHandler</STRONG> (Thumb, 0 bytes, Stack size 0 bytes, startup_stm32f407xx.o(.text))
<BR>[Address Reference Count : 1]<UL><LI> startup_stm32f407xx.o(RESET)
</UL>
<P><STRONG><a name="[24]"></a>DMA1_Stream4_IRQHandler</STRONG> (Thumb, 0 bytes, Stack size 0 bytes, startup_stm32f407xx.o(.text))
<BR>[Address Reference Count : 1]<UL><LI> startup_stm32f407xx.o(RESET)
</UL>
<P><STRONG><a name="[25]"></a>DMA1_Stream5_IRQHandler</STRONG> (Thumb, 0 bytes, Stack size 0 bytes, startup_stm32f407xx.o(.text))
<BR>[Address Reference Count : 1]<UL><LI> startup_stm32f407xx.o(RESET)
</UL>
<P><STRONG><a name="[26]"></a>DMA1_Stream6_IRQHandler</STRONG> (Thumb, 0 bytes, Stack size 0 bytes, startup_stm32f407xx.o(.text))
<BR>[Address Reference Count : 1]<UL><LI> startup_stm32f407xx.o(RESET)
</UL>
<P><STRONG><a name="[44]"></a>DMA1_Stream7_IRQHandler</STRONG> (Thumb, 0 bytes, Stack size 0 bytes, startup_stm32f407xx.o(.text))
<BR>[Address Reference Count : 1]<UL><LI> startup_stm32f407xx.o(RESET)
</UL>
<P><STRONG><a name="[4d]"></a>DMA2_Stream0_IRQHandler</STRONG> (Thumb, 0 bytes, Stack size 0 bytes, startup_stm32f407xx.o(.text))
<BR>[Address Reference Count : 1]<UL><LI> startup_stm32f407xx.o(RESET)
</UL>
<P><STRONG><a name="[4e]"></a>DMA2_Stream1_IRQHandler</STRONG> (Thumb, 0 bytes, Stack size 0 bytes, startup_stm32f407xx.o(.text))
<BR>[Address Reference Count : 1]<UL><LI> startup_stm32f407xx.o(RESET)
</UL>
<P><STRONG><a name="[4f]"></a>DMA2_Stream2_IRQHandler</STRONG> (Thumb, 0 bytes, Stack size 0 bytes, startup_stm32f407xx.o(.text))
<BR>[Address Reference Count : 1]<UL><LI> startup_stm32f407xx.o(RESET)
</UL>
<P><STRONG><a name="[51]"></a>DMA2_Stream4_IRQHandler</STRONG> (Thumb, 0 bytes, Stack size 0 bytes, startup_stm32f407xx.o(.text))
<BR>[Address Reference Count : 1]<UL><LI> startup_stm32f407xx.o(RESET)
</UL>
<P><STRONG><a name="[59]"></a>DMA2_Stream5_IRQHandler</STRONG> (Thumb, 0 bytes, Stack size 0 bytes, startup_stm32f407xx.o(.text))
<BR>[Address Reference Count : 1]<UL><LI> startup_stm32f407xx.o(RESET)
</UL>
<P><STRONG><a name="[52]"></a>ETH_IRQHandler</STRONG> (Thumb, 0 bytes, Stack size 0 bytes, startup_stm32f407xx.o(.text))
<BR>[Address Reference Count : 1]<UL><LI> startup_stm32f407xx.o(RESET)
</UL>
<P><STRONG><a name="[53]"></a>ETH_WKUP_IRQHandler</STRONG> (Thumb, 0 bytes, Stack size 0 bytes, startup_stm32f407xx.o(.text))
<BR>[Address Reference Count : 1]<UL><LI> startup_stm32f407xx.o(RESET)
</UL>
<P><STRONG><a name="[1b]"></a>EXTI0_IRQHandler</STRONG> (Thumb, 0 bytes, Stack size 0 bytes, startup_stm32f407xx.o(.text))
<BR>[Address Reference Count : 1]<UL><LI> startup_stm32f407xx.o(RESET)
</UL>
<P><STRONG><a name="[3d]"></a>EXTI15_10_IRQHandler</STRONG> (Thumb, 0 bytes, Stack size 0 bytes, startup_stm32f407xx.o(.text))
<BR>[Address Reference Count : 1]<UL><LI> startup_stm32f407xx.o(RESET)
</UL>
<P><STRONG><a name="[1c]"></a>EXTI1_IRQHandler</STRONG> (Thumb, 0 bytes, Stack size 0 bytes, startup_stm32f407xx.o(.text))
<BR>[Address Reference Count : 1]<UL><LI> startup_stm32f407xx.o(RESET)
</UL>
<P><STRONG><a name="[1d]"></a>EXTI2_IRQHandler</STRONG> (Thumb, 0 bytes, Stack size 0 bytes, startup_stm32f407xx.o(.text))
<BR>[Address Reference Count : 1]<UL><LI> startup_stm32f407xx.o(RESET)
</UL>
<P><STRONG><a name="[1e]"></a>EXTI3_IRQHandler</STRONG> (Thumb, 0 bytes, Stack size 0 bytes, startup_stm32f407xx.o(.text))
<BR>[Address Reference Count : 1]<UL><LI> startup_stm32f407xx.o(RESET)
</UL>
<P><STRONG><a name="[1f]"></a>EXTI4_IRQHandler</STRONG> (Thumb, 0 bytes, Stack size 0 bytes, startup_stm32f407xx.o(.text))
<BR>[Address Reference Count : 1]<UL><LI> startup_stm32f407xx.o(RESET)
</UL>
<P><STRONG><a name="[2c]"></a>EXTI9_5_IRQHandler</STRONG> (Thumb, 0 bytes, Stack size 0 bytes, startup_stm32f407xx.o(.text))
<BR>[Address Reference Count : 1]<UL><LI> startup_stm32f407xx.o(RESET)
</UL>
<P><STRONG><a name="[19]"></a>FLASH_IRQHandler</STRONG> (Thumb, 0 bytes, Stack size 0 bytes, startup_stm32f407xx.o(.text))
<BR>[Address Reference Count : 1]<UL><LI> startup_stm32f407xx.o(RESET)
</UL>
<P><STRONG><a name="[45]"></a>FMC_IRQHandler</STRONG> (Thumb, 0 bytes, Stack size 0 bytes, startup_stm32f407xx.o(.text))
<BR>[Address Reference Count : 1]<UL><LI> startup_stm32f407xx.o(RESET)
</UL>
<P><STRONG><a name="[65]"></a>FPU_IRQHandler</STRONG> (Thumb, 0 bytes, Stack size 0 bytes, startup_stm32f407xx.o(.text))
<BR>[Address Reference Count : 1]<UL><LI> startup_stm32f407xx.o(RESET)
</UL>
<P><STRONG><a name="[64]"></a>HASH_RNG_IRQHandler</STRONG> (Thumb, 0 bytes, Stack size 0 bytes, startup_stm32f407xx.o(.text))
<BR>[Address Reference Count : 1]<UL><LI> startup_stm32f407xx.o(RESET)
</UL>
<P><STRONG><a name="[35]"></a>I2C1_ER_IRQHandler</STRONG> (Thumb, 0 bytes, Stack size 0 bytes, startup_stm32f407xx.o(.text))
<BR>[Address Reference Count : 1]<UL><LI> startup_stm32f407xx.o(RESET)
</UL>
<P><STRONG><a name="[34]"></a>I2C1_EV_IRQHandler</STRONG> (Thumb, 0 bytes, Stack size 0 bytes, startup_stm32f407xx.o(.text))
<BR>[Address Reference Count : 1]<UL><LI> startup_stm32f407xx.o(RESET)
</UL>
<P><STRONG><a name="[37]"></a>I2C2_ER_IRQHandler</STRONG> (Thumb, 0 bytes, Stack size 0 bytes, startup_stm32f407xx.o(.text))
<BR>[Address Reference Count : 1]<UL><LI> startup_stm32f407xx.o(RESET)
</UL>
<P><STRONG><a name="[36]"></a>I2C2_EV_IRQHandler</STRONG> (Thumb, 0 bytes, Stack size 0 bytes, startup_stm32f407xx.o(.text))
<BR>[Address Reference Count : 1]<UL><LI> startup_stm32f407xx.o(RESET)
</UL>
<P><STRONG><a name="[5e]"></a>I2C3_ER_IRQHandler</STRONG> (Thumb, 0 bytes, Stack size 0 bytes, startup_stm32f407xx.o(.text))
<BR>[Address Reference Count : 1]<UL><LI> startup_stm32f407xx.o(RESET)
</UL>
<P><STRONG><a name="[5d]"></a>I2C3_EV_IRQHandler</STRONG> (Thumb, 0 bytes, Stack size 0 bytes, startup_stm32f407xx.o(.text))
<BR>[Address Reference Count : 1]<UL><LI> startup_stm32f407xx.o(RESET)
</UL>
<P><STRONG><a name="[58]"></a>OTG_FS_IRQHandler</STRONG> (Thumb, 0 bytes, Stack size 0 bytes, startup_stm32f407xx.o(.text))
<BR>[Address Reference Count : 1]<UL><LI> startup_stm32f407xx.o(RESET)
</UL>
<P><STRONG><a name="[3f]"></a>OTG_FS_WKUP_IRQHandler</STRONG> (Thumb, 0 bytes, Stack size 0 bytes, startup_stm32f407xx.o(.text))
<BR>[Address Reference Count : 1]<UL><LI> startup_stm32f407xx.o(RESET)
</UL>
<P><STRONG><a name="[60]"></a>OTG_HS_EP1_IN_IRQHandler</STRONG> (Thumb, 0 bytes, Stack size 0 bytes, startup_stm32f407xx.o(.text))
<BR>[Address Reference Count : 1]<UL><LI> startup_stm32f407xx.o(RESET)
</UL>
<P><STRONG><a name="[5f]"></a>OTG_HS_EP1_OUT_IRQHandler</STRONG> (Thumb, 0 bytes, Stack size 0 bytes, startup_stm32f407xx.o(.text))
<BR>[Address Reference Count : 1]<UL><LI> startup_stm32f407xx.o(RESET)
</UL>
<P><STRONG><a name="[62]"></a>OTG_HS_IRQHandler</STRONG> (Thumb, 0 bytes, Stack size 0 bytes, startup_stm32f407xx.o(.text))
<BR>[Address Reference Count : 1]<UL><LI> startup_stm32f407xx.o(RESET)
</UL>
<P><STRONG><a name="[61]"></a>OTG_HS_WKUP_IRQHandler</STRONG> (Thumb, 0 bytes, Stack size 0 bytes, startup_stm32f407xx.o(.text))
<BR>[Address Reference Count : 1]<UL><LI> startup_stm32f407xx.o(RESET)
</UL>
<P><STRONG><a name="[16]"></a>PVD_IRQHandler</STRONG> (Thumb, 0 bytes, Stack size 0 bytes, startup_stm32f407xx.o(.text))
<BR>[Address Reference Count : 1]<UL><LI> startup_stm32f407xx.o(RESET)
</UL>
<P><STRONG><a name="[1a]"></a>RCC_IRQHandler</STRONG> (Thumb, 0 bytes, Stack size 0 bytes, startup_stm32f407xx.o(.text))
<BR>[Address Reference Count : 1]<UL><LI> startup_stm32f407xx.o(RESET)
</UL>
<P><STRONG><a name="[38]"></a>SPI1_IRQHandler</STRONG> (Thumb, 0 bytes, Stack size 0 bytes, startup_stm32f407xx.o(.text))
<BR>[Address Reference Count : 1]<UL><LI> startup_stm32f407xx.o(RESET)
</UL>
<P><STRONG><a name="[39]"></a>SPI2_IRQHandler</STRONG> (Thumb, 0 bytes, Stack size 0 bytes, startup_stm32f407xx.o(.text))
<BR>[Address Reference Count : 1]<UL><LI> startup_stm32f407xx.o(RESET)
</UL>
<P><STRONG><a name="[48]"></a>SPI3_IRQHandler</STRONG> (Thumb, 0 bytes, Stack size 0 bytes, startup_stm32f407xx.o(.text))
<BR>[Address Reference Count : 1]<UL><LI> startup_stm32f407xx.o(RESET)
</UL>
<P><STRONG><a name="[17]"></a>TAMP_STAMP_IRQHandler</STRONG> (Thumb, 0 bytes, Stack size 0 bytes, startup_stm32f407xx.o(.text))
<BR>[Address Reference Count : 1]<UL><LI> startup_stm32f407xx.o(RESET)
</UL>
<P><STRONG><a name="[2d]"></a>TIM1_BRK_TIM9_IRQHandler</STRONG> (Thumb, 0 bytes, Stack size 0 bytes, startup_stm32f407xx.o(.text))
<BR>[Address Reference Count : 1]<UL><LI> startup_stm32f407xx.o(RESET)
</UL>
<P><STRONG><a name="[30]"></a>TIM1_CC_IRQHandler</STRONG> (Thumb, 0 bytes, Stack size 0 bytes, startup_stm32f407xx.o(.text))
<BR>[Address Reference Count : 1]<UL><LI> startup_stm32f407xx.o(RESET)
</UL>
<P><STRONG><a name="[2f]"></a>TIM1_TRG_COM_TIM11_IRQHandler</STRONG> (Thumb, 0 bytes, Stack size 0 bytes, startup_stm32f407xx.o(.text))
<BR>[Address Reference Count : 1]<UL><LI> startup_stm32f407xx.o(RESET)
</UL>
<P><STRONG><a name="[2e]"></a>TIM1_UP_TIM10_IRQHandler</STRONG> (Thumb, 0 bytes, Stack size 0 bytes, startup_stm32f407xx.o(.text))
<BR>[Address Reference Count : 1]<UL><LI> startup_stm32f407xx.o(RESET)
</UL>
<P><STRONG><a name="[32]"></a>TIM3_IRQHandler</STRONG> (Thumb, 0 bytes, Stack size 0 bytes, startup_stm32f407xx.o(.text))
<BR>[Address Reference Count : 1]<UL><LI> startup_stm32f407xx.o(RESET)
</UL>
<P><STRONG><a name="[33]"></a>TIM4_IRQHandler</STRONG> (Thumb, 0 bytes, Stack size 0 bytes, startup_stm32f407xx.o(.text))
<BR>[Address Reference Count : 1]<UL><LI> startup_stm32f407xx.o(RESET)
</UL>
<P><STRONG><a name="[47]"></a>TIM5_IRQHandler</STRONG> (Thumb, 0 bytes, Stack size 0 bytes, startup_stm32f407xx.o(.text))
<BR>[Address Reference Count : 1]<UL><LI> startup_stm32f407xx.o(RESET)
</UL>
<P><STRONG><a name="[4b]"></a>TIM6_DAC_IRQHandler</STRONG> (Thumb, 0 bytes, Stack size 0 bytes, startup_stm32f407xx.o(.text))
<BR>[Address Reference Count : 1]<UL><LI> startup_stm32f407xx.o(RESET)
</UL>
<P><STRONG><a name="[40]"></a>TIM8_BRK_TIM12_IRQHandler</STRONG> (Thumb, 0 bytes, Stack size 0 bytes, startup_stm32f407xx.o(.text))
<BR>[Address Reference Count : 1]<UL><LI> startup_stm32f407xx.o(RESET)
</UL>
<P><STRONG><a name="[43]"></a>TIM8_CC_IRQHandler</STRONG> (Thumb, 0 bytes, Stack size 0 bytes, startup_stm32f407xx.o(.text))
<BR>[Address Reference Count : 1]<UL><LI> startup_stm32f407xx.o(RESET)
</UL>
<P><STRONG><a name="[42]"></a>TIM8_TRG_COM_TIM14_IRQHandler</STRONG> (Thumb, 0 bytes, Stack size 0 bytes, startup_stm32f407xx.o(.text))
<BR>[Address Reference Count : 1]<UL><LI> startup_stm32f407xx.o(RESET)
</UL>
<P><STRONG><a name="[41]"></a>TIM8_UP_TIM13_IRQHandler</STRONG> (Thumb, 0 bytes, Stack size 0 bytes, startup_stm32f407xx.o(.text))
<BR>[Address Reference Count : 1]<UL><LI> startup_stm32f407xx.o(RESET)
</UL>
<P><STRONG><a name="[49]"></a>UART4_IRQHandler</STRONG> (Thumb, 0 bytes, Stack size 0 bytes, startup_stm32f407xx.o(.text))
<BR>[Address Reference Count : 1]<UL><LI> startup_stm32f407xx.o(RESET)
</UL>
<P><STRONG><a name="[4a]"></a>UART5_IRQHandler</STRONG> (Thumb, 0 bytes, Stack size 0 bytes, startup_stm32f407xx.o(.text))
<BR>[Address Reference Count : 1]<UL><LI> startup_stm32f407xx.o(RESET)
</UL>
<P><STRONG><a name="[3b]"></a>USART2_IRQHandler</STRONG> (Thumb, 0 bytes, Stack size 0 bytes, startup_stm32f407xx.o(.text))
<BR>[Address Reference Count : 1]<UL><LI> startup_stm32f407xx.o(RESET)
</UL>
<P><STRONG><a name="[5c]"></a>USART6_IRQHandler</STRONG> (Thumb, 0 bytes, Stack size 0 bytes, startup_stm32f407xx.o(.text))
<BR>[Address Reference Count : 1]<UL><LI> startup_stm32f407xx.o(RESET)
</UL>
<P><STRONG><a name="[15]"></a>WWDG_IRQHandler</STRONG> (Thumb, 0 bytes, Stack size 0 bytes, startup_stm32f407xx.o(.text))
<BR>[Address Reference Count : 1]<UL><LI> startup_stm32f407xx.o(RESET)
</UL>
<P><STRONG><a name="[104]"></a>__aeabi_uldivmod</STRONG> (Thumb, 98 bytes, Stack size 40 bytes, uldiv.o(.text))
<BR><BR>[Stack]<UL><LI>Max Depth = 40<LI>Call Chain = __aeabi_uldivmod
</UL>
<BR>[Calls]<UL><LI><a href="#[105]">&gt;&gt;</a>&nbsp;&nbsp;&nbsp;__aeabi_llsr
<LI><a href="#[106]">&gt;&gt;</a>&nbsp;&nbsp;&nbsp;__aeabi_llsl
</UL>
<BR>[Called By]<UL><LI><a href="#[14e]">&gt;&gt;</a>&nbsp;&nbsp;&nbsp;HAL_RCC_GetSysClockFreq
<LI><a href="#[5b6]">&gt;&gt;</a>&nbsp;&nbsp;&nbsp;_printf_core
<LI><a href="#[5b9]">&gt;&gt;</a>&nbsp;&nbsp;&nbsp;_fp_digits
</UL>

<P><STRONG><a name="[27e]"></a>__aeabi_memcpy</STRONG> (Thumb, 36 bytes, Stack size 0 bytes, memcpya.o(.text))
<BR><BR>[Called By]<UL><LI><a href="#[3e1]">&gt;&gt;</a>&nbsp;&nbsp;&nbsp;gizwitsHandle
<LI><a href="#[575]">&gt;&gt;</a>&nbsp;&nbsp;&nbsp;prvCopyDataToQueue
<LI><a href="#[574]">&gt;&gt;</a>&nbsp;&nbsp;&nbsp;prvCopyDataFromQueue
<LI><a href="#[3dc]">&gt;&gt;</a>&nbsp;&nbsp;&nbsp;rbWrite
<LI><a href="#[3e3]">&gt;&gt;</a>&nbsp;&nbsp;&nbsp;rbRead
<LI><a href="#[270]">&gt;&gt;</a>&nbsp;&nbsp;&nbsp;gizStandardDecompressionValue
<LI><a href="#[3dd]">&gt;&gt;</a>&nbsp;&nbsp;&nbsp;gizReportData
<LI><a href="#[3d9]">&gt;&gt;</a>&nbsp;&nbsp;&nbsp;gizProtocolWaitAck
<LI><a href="#[27d]">&gt;&gt;</a>&nbsp;&nbsp;&nbsp;OUTLINED_FUNCTION_24
</UL>

<P><STRONG><a name="[5c5]"></a>__aeabi_memcpy4</STRONG> (Thumb, 0 bytes, Stack size 0 bytes, memcpya.o(.text), UNUSED)

<P><STRONG><a name="[5c6]"></a>__aeabi_memcpy8</STRONG> (Thumb, 0 bytes, Stack size 0 bytes, memcpya.o(.text), UNUSED)

<P><STRONG><a name="[108]"></a>__aeabi_memset</STRONG> (Thumb, 14 bytes, Stack size 0 bytes, memseta.o(.text))
<BR><BR>[Called By]<UL><LI><a href="#[109]">&gt;&gt;</a>&nbsp;&nbsp;&nbsp;_memset$wrapper
<LI><a href="#[107]">&gt;&gt;</a>&nbsp;&nbsp;&nbsp;__aeabi_memclr
</UL>

<P><STRONG><a name="[380]"></a>__aeabi_memset4</STRONG> (Thumb, 0 bytes, Stack size 0 bytes, memseta.o(.text))
<BR><BR>[Called By]<UL><LI><a href="#[f4]">&gt;&gt;</a>&nbsp;&nbsp;&nbsp;xTaskCreate
<LI><a href="#[293]">&gt;&gt;</a>&nbsp;&nbsp;&nbsp;_lv_memset_ff
</UL>

<P><STRONG><a name="[5c7]"></a>__aeabi_memset8</STRONG> (Thumb, 0 bytes, Stack size 0 bytes, memseta.o(.text), UNUSED)

<P><STRONG><a name="[107]"></a>__aeabi_memclr</STRONG> (Thumb, 4 bytes, Stack size 0 bytes, memseta.o(.text))
<BR><BR>[Calls]<UL><LI><a href="#[108]">&gt;&gt;</a>&nbsp;&nbsp;&nbsp;__aeabi_memset
</UL>
<BR>[Called By]<UL><LI><a href="#[1d4]">&gt;&gt;</a>&nbsp;&nbsp;&nbsp;userInit
<LI><a href="#[f8]">&gt;&gt;</a>&nbsp;&nbsp;&nbsp;iot_task
<LI><a href="#[3e1]">&gt;&gt;</a>&nbsp;&nbsp;&nbsp;gizwitsHandle
<LI><a href="#[3d9]">&gt;&gt;</a>&nbsp;&nbsp;&nbsp;gizProtocolWaitAck
<LI><a href="#[2ec]">&gt;&gt;</a>&nbsp;&nbsp;&nbsp;OUTLINED_FUNCTION_6
</UL>

<P><STRONG><a name="[134]"></a>__aeabi_memclr4</STRONG> (Thumb, 0 bytes, Stack size 0 bytes, memseta.o(.text))
<BR><BR>[Called By]<UL><LI><a href="#[1d5]">&gt;&gt;</a>&nbsp;&nbsp;&nbsp;gizwitsInit
<LI><a href="#[3e1]">&gt;&gt;</a>&nbsp;&nbsp;&nbsp;gizwitsHandle
<LI><a href="#[f6]">&gt;&gt;</a>&nbsp;&nbsp;&nbsp;event_task
<LI><a href="#[133]">&gt;&gt;</a>&nbsp;&nbsp;&nbsp;FreeRtos_CPU_state_Debug
<LI><a href="#[355]">&gt;&gt;</a>&nbsp;&nbsp;&nbsp;_lv_memset_00
</UL>

<P><STRONG><a name="[5c8]"></a>__aeabi_memclr8</STRONG> (Thumb, 0 bytes, Stack size 0 bytes, memseta.o(.text), UNUSED)

<P><STRONG><a name="[109]"></a>_memset$wrapper</STRONG> (Thumb, 18 bytes, Stack size 8 bytes, memseta.o(.text), UNUSED)
<BR><BR>[Calls]<UL><LI><a href="#[108]">&gt;&gt;</a>&nbsp;&nbsp;&nbsp;__aeabi_memset
</UL>

<P><STRONG><a name="[447]"></a>strlen</STRONG> (Thumb, 14 bytes, Stack size 0 bytes, strlen.o(.text))
<BR><BR>[Called By]<UL><LI><a href="#[4bf]">&gt;&gt;</a>&nbsp;&nbsp;&nbsp;lv_label_set_text
<LI><a href="#[4b7]">&gt;&gt;</a>&nbsp;&nbsp;&nbsp;lv_label_create
<LI><a href="#[492]">&gt;&gt;</a>&nbsp;&nbsp;&nbsp;lv_img_set_src
<LI><a href="#[4cb]">&gt;&gt;</a>&nbsp;&nbsp;&nbsp;lv_label_refr_text
<LI><a href="#[4ac]">&gt;&gt;</a>&nbsp;&nbsp;&nbsp;refr_img
<LI><a href="#[3b8]">&gt;&gt;</a>&nbsp;&nbsp;&nbsp;vTaskList
<LI><a href="#[135]">&gt;&gt;</a>&nbsp;&nbsp;&nbsp;vTaskGetRunTimeStats
<LI><a href="#[581]">&gt;&gt;</a>&nbsp;&nbsp;&nbsp;prvWriteNameToBuffer
<LI><a href="#[1f5]">&gt;&gt;</a>&nbsp;&nbsp;&nbsp;lv_debug_log_error
<LI><a href="#[364]">&gt;&gt;</a>&nbsp;&nbsp;&nbsp;lv_img_decoder_open
</UL>

<P><STRONG><a name="[362]"></a>strcmp</STRONG> (Thumb, 28 bytes, Stack size 8 bytes, strcmp.o(.text))
<BR><BR>[Stack]<UL><LI>Max Depth = 8<LI>Call Chain = strcmp
</UL>
<BR>[Called By]<UL><LI><a href="#[360]">&gt;&gt;</a>&nbsp;&nbsp;&nbsp;_lv_img_cache_open
</UL>

<P><STRONG><a name="[51b]"></a>memcmp</STRONG> (Thumb, 26 bytes, Stack size 12 bytes, memcmp.o(.text))
<BR><BR>[Stack]<UL><LI>Max Depth = 12<LI>Call Chain = memcmp
</UL>
<BR>[Called By]<UL><LI><a href="#[4d1]">&gt;&gt;</a>&nbsp;&nbsp;&nbsp;lv_obj_set_state
</UL>

<P><STRONG><a name="[495]"></a>strcpy</STRONG> (Thumb, 18 bytes, Stack size 0 bytes, strcpy.o(.text))
<BR><BR>[Called By]<UL><LI><a href="#[4bf]">&gt;&gt;</a>&nbsp;&nbsp;&nbsp;lv_label_set_text
<LI><a href="#[492]">&gt;&gt;</a>&nbsp;&nbsp;&nbsp;lv_img_set_src
<LI><a href="#[581]">&gt;&gt;</a>&nbsp;&nbsp;&nbsp;prvWriteNameToBuffer
<LI><a href="#[364]">&gt;&gt;</a>&nbsp;&nbsp;&nbsp;lv_img_decoder_open
</UL>

<P><STRONG><a name="[10a]"></a>__aeabi_dadd</STRONG> (Thumb, 322 bytes, Stack size 48 bytes, dadd.o(.text))
<BR><BR>[Stack]<UL><LI>Max Depth = 88<LI>Call Chain = __aeabi_dadd &rArr; _double_epilogue &rArr; _double_round
</UL>
<BR>[Calls]<UL><LI><a href="#[10b]">&gt;&gt;</a>&nbsp;&nbsp;&nbsp;__aeabi_lasr
<LI><a href="#[106]">&gt;&gt;</a>&nbsp;&nbsp;&nbsp;__aeabi_llsl
<LI><a href="#[10d]">&gt;&gt;</a>&nbsp;&nbsp;&nbsp;_double_round
<LI><a href="#[10c]">&gt;&gt;</a>&nbsp;&nbsp;&nbsp;_double_epilogue
</UL>
<BR>[Called By]<UL><LI><a href="#[f5]">&gt;&gt;</a>&nbsp;&nbsp;&nbsp;AutoReloadCallback
<LI><a href="#[10f]">&gt;&gt;</a>&nbsp;&nbsp;&nbsp;__aeabi_drsub
<LI><a href="#[10e]">&gt;&gt;</a>&nbsp;&nbsp;&nbsp;__aeabi_dsub
<LI><a href="#[5b9]">&gt;&gt;</a>&nbsp;&nbsp;&nbsp;_fp_digits
</UL>

<P><STRONG><a name="[10e]"></a>__aeabi_dsub</STRONG> (Thumb, 6 bytes, Stack size 0 bytes, dadd.o(.text), UNUSED)
<BR><BR>[Calls]<UL><LI><a href="#[10a]">&gt;&gt;</a>&nbsp;&nbsp;&nbsp;__aeabi_dadd
</UL>

<P><STRONG><a name="[10f]"></a>__aeabi_drsub</STRONG> (Thumb, 6 bytes, Stack size 0 bytes, dadd.o(.text), UNUSED)
<BR><BR>[Calls]<UL><LI><a href="#[10a]">&gt;&gt;</a>&nbsp;&nbsp;&nbsp;__aeabi_dadd
</UL>

<P><STRONG><a name="[110]"></a>__aeabi_dmul</STRONG> (Thumb, 228 bytes, Stack size 48 bytes, dmul.o(.text))
<BR><BR>[Stack]<UL><LI>Max Depth = 88<LI>Call Chain = __aeabi_dmul &rArr; _double_epilogue &rArr; _double_round
</UL>
<BR>[Calls]<UL><LI><a href="#[10c]">&gt;&gt;</a>&nbsp;&nbsp;&nbsp;_double_epilogue
</UL>
<BR>[Called By]<UL><LI><a href="#[8]">&gt;&gt;</a>&nbsp;&nbsp;&nbsp;TP_Adjust
<LI><a href="#[12b]">&gt;&gt;</a>&nbsp;&nbsp;&nbsp;DS18B20_Get_Temperature
<LI><a href="#[5b9]">&gt;&gt;</a>&nbsp;&nbsp;&nbsp;_fp_digits
</UL>

<P><STRONG><a name="[111]"></a>__aeabi_ddiv</STRONG> (Thumb, 222 bytes, Stack size 32 bytes, ddiv.o(.text))
<BR><BR>[Stack]<UL><LI>Max Depth = 40<LI>Call Chain = __aeabi_ddiv &rArr; _double_round
</UL>
<BR>[Calls]<UL><LI><a href="#[10d]">&gt;&gt;</a>&nbsp;&nbsp;&nbsp;_double_round
</UL>
<BR>[Called By]<UL><LI><a href="#[f7]">&gt;&gt;</a>&nbsp;&nbsp;&nbsp;collect_task
<LI><a href="#[123]">&gt;&gt;</a>&nbsp;&nbsp;&nbsp;Hcsr04_Get_Length
<LI><a href="#[f5]">&gt;&gt;</a>&nbsp;&nbsp;&nbsp;AutoReloadCallback
<LI><a href="#[5b9]">&gt;&gt;</a>&nbsp;&nbsp;&nbsp;_fp_digits
</UL>

<P><STRONG><a name="[241]"></a>__aeabi_dcmple</STRONG> (Thumb, 54 bytes, Stack size 12 bytes, dcmple.o(.text))
<BR><BR>[Stack]<UL><LI>Max Depth = 12<LI>Call Chain = __aeabi_dcmple
</UL>
<BR>[Called By]<UL><LI><a href="#[240]">&gt;&gt;</a>&nbsp;&nbsp;&nbsp;OUTLINED_FUNCTION_12
</UL>

<P><STRONG><a name="[249]"></a>__aeabi_dcmplt</STRONG> (Thumb, 54 bytes, Stack size 12 bytes, dcmplt.o(.text))
<BR><BR>[Stack]<UL><LI>Max Depth = 12<LI>Call Chain = __aeabi_dcmplt
</UL>
<BR>[Called By]<UL><LI><a href="#[8]">&gt;&gt;</a>&nbsp;&nbsp;&nbsp;TP_Adjust
<LI><a href="#[248]">&gt;&gt;</a>&nbsp;&nbsp;&nbsp;OUTLINED_FUNCTION_13
</UL>

<P><STRONG><a name="[324]"></a>__aeabi_dcmpgt</STRONG> (Thumb, 54 bytes, Stack size 12 bytes, dcmpgt.o(.text))
<BR><BR>[Stack]<UL><LI>Max Depth = 12<LI>Call Chain = __aeabi_dcmpgt
</UL>
<BR>[Called By]<UL><LI><a href="#[8]">&gt;&gt;</a>&nbsp;&nbsp;&nbsp;TP_Adjust
</UL>

<P><STRONG><a name="[112]"></a>__aeabi_i2d</STRONG> (Thumb, 34 bytes, Stack size 16 bytes, dflti.o(.text))
<BR><BR>[Stack]<UL><LI>Max Depth = 56<LI>Call Chain = __aeabi_i2d &rArr; _double_epilogue &rArr; _double_round
</UL>
<BR>[Calls]<UL><LI><a href="#[10c]">&gt;&gt;</a>&nbsp;&nbsp;&nbsp;_double_epilogue
</UL>
<BR>[Called By]<UL><LI><a href="#[f7]">&gt;&gt;</a>&nbsp;&nbsp;&nbsp;collect_task
<LI><a href="#[12b]">&gt;&gt;</a>&nbsp;&nbsp;&nbsp;DS18B20_Get_Temperature
<LI><a href="#[f5]">&gt;&gt;</a>&nbsp;&nbsp;&nbsp;AutoReloadCallback
</UL>

<P><STRONG><a name="[113]"></a>__aeabi_ui2d</STRONG> (Thumb, 26 bytes, Stack size 16 bytes, dfltui.o(.text))
<BR><BR>[Stack]<UL><LI>Max Depth = 56<LI>Call Chain = __aeabi_ui2d &rArr; _double_epilogue &rArr; _double_round
</UL>
<BR>[Calls]<UL><LI><a href="#[10c]">&gt;&gt;</a>&nbsp;&nbsp;&nbsp;_double_epilogue
</UL>
<BR>[Called By]<UL><LI><a href="#[216]">&gt;&gt;</a>&nbsp;&nbsp;&nbsp;OUTLINED_FUNCTION_1
<LI><a href="#[123]">&gt;&gt;</a>&nbsp;&nbsp;&nbsp;Hcsr04_Get_Length
</UL>

<P><STRONG><a name="[114]"></a>__aeabi_d2iz</STRONG> (Thumb, 62 bytes, Stack size 16 bytes, dfixi.o(.text))
<BR><BR>[Stack]<UL><LI>Max Depth = 16<LI>Call Chain = __aeabi_d2iz
</UL>
<BR>[Calls]<UL><LI><a href="#[105]">&gt;&gt;</a>&nbsp;&nbsp;&nbsp;__aeabi_llsr
</UL>
<BR>[Called By]<UL><LI><a href="#[8]">&gt;&gt;</a>&nbsp;&nbsp;&nbsp;TP_Adjust
<LI><a href="#[28c]">&gt;&gt;</a>&nbsp;&nbsp;&nbsp;OUTLINED_FUNCTION_3
<LI><a href="#[12b]">&gt;&gt;</a>&nbsp;&nbsp;&nbsp;DS18B20_Get_Temperature
</UL>

<P><STRONG><a name="[125]"></a>__aeabi_f2d</STRONG> (Thumb, 38 bytes, Stack size 0 bytes, f2d.o(.text))
<BR><BR>[Called By]<UL><LI><a href="#[1ed]">&gt;&gt;</a>&nbsp;&nbsp;&nbsp;OUTLINED_FUNCTION_0
<LI><a href="#[f5]">&gt;&gt;</a>&nbsp;&nbsp;&nbsp;AutoReloadCallback
</UL>

<P><STRONG><a name="[115]"></a>__aeabi_d2f</STRONG> (Thumb, 56 bytes, Stack size 8 bytes, d2f.o(.text))
<BR><BR>[Stack]<UL><LI>Max Depth = 8<LI>Call Chain = __aeabi_d2f
</UL>
<BR>[Calls]<UL><LI><a href="#[116]">&gt;&gt;</a>&nbsp;&nbsp;&nbsp;_float_round
</UL>
<BR>[Called By]<UL><LI><a href="#[f7]">&gt;&gt;</a>&nbsp;&nbsp;&nbsp;collect_task
<LI><a href="#[123]">&gt;&gt;</a>&nbsp;&nbsp;&nbsp;Hcsr04_Get_Length
<LI><a href="#[f5]">&gt;&gt;</a>&nbsp;&nbsp;&nbsp;AutoReloadCallback
</UL>

<P><STRONG><a name="[5c9]"></a>__aeabi_uidiv</STRONG> (Thumb, 0 bytes, Stack size 12 bytes, uidiv.o(.text), UNUSED)

<P><STRONG><a name="[5bd]"></a>__aeabi_uidivmod</STRONG> (Thumb, 44 bytes, Stack size 12 bytes, uidiv.o(.text), UNUSED)
<BR><BR>[Called By]<UL><LI><a href="#[5b6]">&gt;&gt;</a>&nbsp;&nbsp;&nbsp;_printf_core
</UL>

<P><STRONG><a name="[106]"></a>__aeabi_llsl</STRONG> (Thumb, 30 bytes, Stack size 0 bytes, llshl.o(.text))
<BR><BR>[Called By]<UL><LI><a href="#[10a]">&gt;&gt;</a>&nbsp;&nbsp;&nbsp;__aeabi_dadd
<LI><a href="#[10c]">&gt;&gt;</a>&nbsp;&nbsp;&nbsp;_double_epilogue
<LI><a href="#[118]">&gt;&gt;</a>&nbsp;&nbsp;&nbsp;__aeabi_d2ulz
<LI><a href="#[104]">&gt;&gt;</a>&nbsp;&nbsp;&nbsp;__aeabi_uldivmod
</UL>

<P><STRONG><a name="[5ca]"></a>_ll_shift_l</STRONG> (Thumb, 0 bytes, Stack size 0 bytes, llshl.o(.text), UNUSED)

<P><STRONG><a name="[105]"></a>__aeabi_llsr</STRONG> (Thumb, 32 bytes, Stack size 0 bytes, llushr.o(.text))
<BR><BR>[Called By]<UL><LI><a href="#[117]">&gt;&gt;</a>&nbsp;&nbsp;&nbsp;_dsqrt
<LI><a href="#[114]">&gt;&gt;</a>&nbsp;&nbsp;&nbsp;__aeabi_d2iz
<LI><a href="#[10c]">&gt;&gt;</a>&nbsp;&nbsp;&nbsp;_double_epilogue
<LI><a href="#[118]">&gt;&gt;</a>&nbsp;&nbsp;&nbsp;__aeabi_d2ulz
<LI><a href="#[104]">&gt;&gt;</a>&nbsp;&nbsp;&nbsp;__aeabi_uldivmod
</UL>

<P><STRONG><a name="[5cb]"></a>_ll_ushift_r</STRONG> (Thumb, 0 bytes, Stack size 0 bytes, llushr.o(.text), UNUSED)

<P><STRONG><a name="[10b]"></a>__aeabi_lasr</STRONG> (Thumb, 36 bytes, Stack size 0 bytes, llsshr.o(.text))
<BR><BR>[Called By]<UL><LI><a href="#[10a]">&gt;&gt;</a>&nbsp;&nbsp;&nbsp;__aeabi_dadd
</UL>

<P><STRONG><a name="[5cc]"></a>_ll_sshift_r</STRONG> (Thumb, 0 bytes, Stack size 0 bytes, llsshr.o(.text), UNUSED)

<P><STRONG><a name="[5cd]"></a>__I$use$fp</STRONG> (Thumb, 0 bytes, Stack size 0 bytes, iusefp.o(.text), UNUSED)

<P><STRONG><a name="[116]"></a>_float_round</STRONG> (Thumb, 18 bytes, Stack size 0 bytes, fepilogue.o(.text))
<BR><BR>[Called By]<UL><LI><a href="#[115]">&gt;&gt;</a>&nbsp;&nbsp;&nbsp;__aeabi_d2f
</UL>

<P><STRONG><a name="[5ce]"></a>_float_epilogue</STRONG> (Thumb, 92 bytes, Stack size 4 bytes, fepilogue.o(.text), UNUSED)

<P><STRONG><a name="[10d]"></a>_double_round</STRONG> (Thumb, 30 bytes, Stack size 8 bytes, depilogue.o(.text))
<BR><BR>[Stack]<UL><LI>Max Depth = 8<LI>Call Chain = _double_round
</UL>
<BR>[Called By]<UL><LI><a href="#[117]">&gt;&gt;</a>&nbsp;&nbsp;&nbsp;_dsqrt
<LI><a href="#[111]">&gt;&gt;</a>&nbsp;&nbsp;&nbsp;__aeabi_ddiv
<LI><a href="#[10a]">&gt;&gt;</a>&nbsp;&nbsp;&nbsp;__aeabi_dadd
<LI><a href="#[10c]">&gt;&gt;</a>&nbsp;&nbsp;&nbsp;_double_epilogue
</UL>

<P><STRONG><a name="[10c]"></a>_double_epilogue</STRONG> (Thumb, 156 bytes, Stack size 32 bytes, depilogue.o(.text))
<BR><BR>[Stack]<UL><LI>Max Depth = 40<LI>Call Chain = _double_epilogue &rArr; _double_round
</UL>
<BR>[Calls]<UL><LI><a href="#[105]">&gt;&gt;</a>&nbsp;&nbsp;&nbsp;__aeabi_llsr
<LI><a href="#[106]">&gt;&gt;</a>&nbsp;&nbsp;&nbsp;__aeabi_llsl
<LI><a href="#[10d]">&gt;&gt;</a>&nbsp;&nbsp;&nbsp;_double_round
</UL>
<BR>[Called By]<UL><LI><a href="#[113]">&gt;&gt;</a>&nbsp;&nbsp;&nbsp;__aeabi_ui2d
<LI><a href="#[110]">&gt;&gt;</a>&nbsp;&nbsp;&nbsp;__aeabi_dmul
<LI><a href="#[112]">&gt;&gt;</a>&nbsp;&nbsp;&nbsp;__aeabi_i2d
<LI><a href="#[10a]">&gt;&gt;</a>&nbsp;&nbsp;&nbsp;__aeabi_dadd
</UL>

<P><STRONG><a name="[117]"></a>_dsqrt</STRONG> (Thumb, 162 bytes, Stack size 32 bytes, dsqrt.o(.text))
<BR><BR>[Stack]<UL><LI>Max Depth = 40<LI>Call Chain = _dsqrt &rArr; _double_round
</UL>
<BR>[Calls]<UL><LI><a href="#[105]">&gt;&gt;</a>&nbsp;&nbsp;&nbsp;__aeabi_llsr
<LI><a href="#[10d]">&gt;&gt;</a>&nbsp;&nbsp;&nbsp;_double_round
</UL>
<BR>[Called By]<UL><LI><a href="#[2b5]">&gt;&gt;</a>&nbsp;&nbsp;&nbsp;__hardfp_sqrt
</UL>

<P><STRONG><a name="[118]"></a>__aeabi_d2ulz</STRONG> (Thumb, 48 bytes, Stack size 0 bytes, dfixul.o(.text), UNUSED)
<BR><BR>[Calls]<UL><LI><a href="#[105]">&gt;&gt;</a>&nbsp;&nbsp;&nbsp;__aeabi_llsr
<LI><a href="#[106]">&gt;&gt;</a>&nbsp;&nbsp;&nbsp;__aeabi_llsl
</UL>
<BR>[Called By]<UL><LI><a href="#[5b9]">&gt;&gt;</a>&nbsp;&nbsp;&nbsp;_fp_digits
</UL>

<P><STRONG><a name="[5ba]"></a>__aeabi_cdrcmple</STRONG> (Thumb, 48 bytes, Stack size 0 bytes, cdrcmple.o(.text), UNUSED)
<BR><BR>[Called By]<UL><LI><a href="#[5b9]">&gt;&gt;</a>&nbsp;&nbsp;&nbsp;_fp_digits
</UL>

<P><STRONG><a name="[103]"></a>__scatterload</STRONG> (Thumb, 28 bytes, Stack size 0 bytes, init.o(.text))
<BR><BR>[Calls]<UL><LI><a href="#[119]">&gt;&gt;</a>&nbsp;&nbsp;&nbsp;__main_after_scatterload
</UL>
<BR>[Called By]<UL><LI><a href="#[102]">&gt;&gt;</a>&nbsp;&nbsp;&nbsp;_main_scatterload
</UL>

<P><STRONG><a name="[5cf]"></a>__scatterload_rt2</STRONG> (Thumb, 0 bytes, Stack size 0 bytes, init.o(.text), UNUSED)

<P><STRONG><a name="[5d0]"></a>__I$use$semihosting$fputc</STRONG> (Thumb, 0 bytes, Stack size unknown bytes, iusesemip.o(.text), UNUSED)

<P><STRONG><a name="[5d1]"></a>__decompress</STRONG> (Thumb, 0 bytes, Stack size unknown bytes, __dczerorl.o(.text), UNUSED)

<P><STRONG><a name="[5d2]"></a>__decompress0</STRONG> (Thumb, 58 bytes, Stack size unknown bytes, __dczerorl.o(.text), UNUSED)

<P><STRONG><a name="[5d3]"></a>__semihosting_library_function</STRONG> (Thumb, 0 bytes, Stack size unknown bytes, semi.o(.text), UNUSED)

<P><STRONG><a name="[11a]"></a>AT24CXX_Check</STRONG> (Thumb, 38 bytes, Stack size 8 bytes, 24cxx.o(.text.AT24CXX_Check))
<BR><BR>[Stack]<UL><LI>Max Depth = 120<LI>Call Chain = AT24CXX_Check &rArr; AT24CXX_WriteOneByte &rArr; delay_ms &rArr; vTaskDelay &rArr; xTaskResumeAll &rArr; xTaskIncrementTick &rArr; OUTLINED_FUNCTION_4 &rArr; vListInsertEnd
</UL>
<BR>[Calls]<UL><LI><a href="#[11c]">&gt;&gt;</a>&nbsp;&nbsp;&nbsp;AT24CXX_WriteOneByte
<LI><a href="#[11b]">&gt;&gt;</a>&nbsp;&nbsp;&nbsp;AT24CXX_ReadOneByte
</UL>
<BR>[Called By]<UL><LI><a href="#[1c6]">&gt;&gt;</a>&nbsp;&nbsp;&nbsp;Init_All
</UL>

<P><STRONG><a name="[11d]"></a>AT24CXX_Init</STRONG> (Thumb, 4 bytes, Stack size 0 bytes, 24cxx.o(.text.AT24CXX_Init))
<BR><BR>[Stack]<UL><LI>Max Depth = 72<LI>Call Chain = AT24CXX_Init &rArr; IIC_Init &rArr; HAL_GPIO_Init
</UL>
<BR>[Calls]<UL><LI><a href="#[11e]">&gt;&gt;</a>&nbsp;&nbsp;&nbsp;IIC_Init
</UL>
<BR>[Called By]<UL><LI><a href="#[6]">&gt;&gt;</a>&nbsp;&nbsp;&nbsp;TP_Init
<LI><a href="#[1c6]">&gt;&gt;</a>&nbsp;&nbsp;&nbsp;Init_All
</UL>

<P><STRONG><a name="[7f]"></a>AT24CXX_ReadLenByte</STRONG> (Thumb, 46 bytes, Stack size 24 bytes, 24cxx.o(.text.AT24CXX_ReadLenByte))
<BR><BR>[Stack]<UL><LI>Max Depth = 104<LI>Call Chain = AT24CXX_ReadLenByte &rArr; AT24CXX_ReadOneByte &rArr; IIC_Read_Byte &rArr; IIC_NAck &rArr; delay_us
</UL>
<BR>[Calls]<UL><LI><a href="#[11b]">&gt;&gt;</a>&nbsp;&nbsp;&nbsp;AT24CXX_ReadOneByte
</UL>
<BR>[Address Reference Count : 1]<UL><LI> touch.o(.text.TP_Get_Adjdata)
</UL>
<P><STRONG><a name="[11b]"></a>AT24CXX_ReadOneByte</STRONG> (Thumb, 60 bytes, Stack size 16 bytes, 24cxx.o(.text.AT24CXX_ReadOneByte))
<BR><BR>[Stack]<UL><LI>Max Depth = 80<LI>Call Chain = AT24CXX_ReadOneByte &rArr; IIC_Read_Byte &rArr; IIC_NAck &rArr; delay_us
</UL>
<BR>[Calls]<UL><LI><a href="#[121]">&gt;&gt;</a>&nbsp;&nbsp;&nbsp;IIC_Stop
<LI><a href="#[11f]">&gt;&gt;</a>&nbsp;&nbsp;&nbsp;IIC_Start
<LI><a href="#[120]">&gt;&gt;</a>&nbsp;&nbsp;&nbsp;IIC_Read_Byte
</UL>
<BR>[Called By]<UL><LI><a href="#[326]">&gt;&gt;</a>&nbsp;&nbsp;&nbsp;TP_Get_Adjdata
<LI><a href="#[7f]">&gt;&gt;</a>&nbsp;&nbsp;&nbsp;AT24CXX_ReadLenByte
<LI><a href="#[11a]">&gt;&gt;</a>&nbsp;&nbsp;&nbsp;AT24CXX_Check
</UL>

<P><STRONG><a name="[81]"></a>AT24CXX_WriteLenByte</STRONG> (Thumb, 42 bytes, Stack size 24 bytes, 24cxx.o(.text.AT24CXX_WriteLenByte))
<BR><BR>[Stack]<UL><LI>Max Depth = 136<LI>Call Chain = AT24CXX_WriteLenByte &rArr; AT24CXX_WriteOneByte &rArr; delay_ms &rArr; vTaskDelay &rArr; xTaskResumeAll &rArr; xTaskIncrementTick &rArr; OUTLINED_FUNCTION_4 &rArr; vListInsertEnd
</UL>
<BR>[Calls]<UL><LI><a href="#[11c]">&gt;&gt;</a>&nbsp;&nbsp;&nbsp;AT24CXX_WriteOneByte
</UL>
<BR>[Address Reference Count : 1]<UL><LI> touch.o(.text.TP_Save_Adjdata)
</UL>
<P><STRONG><a name="[11c]"></a>AT24CXX_WriteOneByte</STRONG> (Thumb, 56 bytes, Stack size 24 bytes, 24cxx.o(.text.AT24CXX_WriteOneByte))
<BR><BR>[Stack]<UL><LI>Max Depth = 112<LI>Call Chain = AT24CXX_WriteOneByte &rArr; delay_ms &rArr; vTaskDelay &rArr; xTaskResumeAll &rArr; xTaskIncrementTick &rArr; OUTLINED_FUNCTION_4 &rArr; vListInsertEnd
</UL>
<BR>[Calls]<UL><LI><a href="#[121]">&gt;&gt;</a>&nbsp;&nbsp;&nbsp;IIC_Stop
<LI><a href="#[11f]">&gt;&gt;</a>&nbsp;&nbsp;&nbsp;IIC_Start
<LI><a href="#[122]">&gt;&gt;</a>&nbsp;&nbsp;&nbsp;delay_ms
</UL>
<BR>[Called By]<UL><LI><a href="#[327]">&gt;&gt;</a>&nbsp;&nbsp;&nbsp;TP_Save_Adjdata
<LI><a href="#[81]">&gt;&gt;</a>&nbsp;&nbsp;&nbsp;AT24CXX_WriteLenByte
<LI><a href="#[11a]">&gt;&gt;</a>&nbsp;&nbsp;&nbsp;AT24CXX_Check
</UL>

<P><STRONG><a name="[f5]"></a>AutoReloadCallback</STRONG> (Thumb, 136 bytes, Stack size 24 bytes, main.o(.text.AutoReloadCallback))
<BR><BR>[Stack]<UL><LI>Max Depth = 144<LI>Call Chain = AutoReloadCallback &rArr; xQueueGenericSend &rArr; xTaskResumeAll &rArr; xTaskIncrementTick &rArr; OUTLINED_FUNCTION_4 &rArr; vListInsertEnd
</UL>
<BR>[Calls]<UL><LI><a href="#[126]">&gt;&gt;</a>&nbsp;&nbsp;&nbsp;xQueueGenericSend
<LI><a href="#[124]">&gt;&gt;</a>&nbsp;&nbsp;&nbsp;sidefilter
<LI><a href="#[112]">&gt;&gt;</a>&nbsp;&nbsp;&nbsp;__aeabi_i2d
<LI><a href="#[125]">&gt;&gt;</a>&nbsp;&nbsp;&nbsp;__aeabi_f2d
<LI><a href="#[111]">&gt;&gt;</a>&nbsp;&nbsp;&nbsp;__aeabi_ddiv
<LI><a href="#[10a]">&gt;&gt;</a>&nbsp;&nbsp;&nbsp;__aeabi_dadd
<LI><a href="#[115]">&gt;&gt;</a>&nbsp;&nbsp;&nbsp;__aeabi_d2f
<LI><a href="#[123]">&gt;&gt;</a>&nbsp;&nbsp;&nbsp;Hcsr04_Get_Length
</UL>
<BR>[Address Reference Count : 1]<UL><LI> main.o(.text.start_task)
</UL>
<P><STRONG><a name="[f]"></a>BusFault_Handler</STRONG> (Thumb, 2 bytes, Stack size 0 bytes, stm32f4xx_it.o(.text.BusFault_Handler))
<BR><BR>[Calls]<UL><LI><a href="#[f]">&gt;&gt;</a>&nbsp;&nbsp;&nbsp;BusFault_Handler
</UL>
<BR>[Called By]<UL><LI><a href="#[f]">&gt;&gt;</a>&nbsp;&nbsp;&nbsp;BusFault_Handler
</UL>
<BR>[Address Reference Count : 1]<UL><LI> startup_stm32f407xx.o(RESET)
</UL>
<P><STRONG><a name="[127]"></a>ConfigureTimerForRunTimeStats</STRONG> (Thumb, 20 bytes, Stack size 8 bytes, main.o(.text.ConfigureTimerForRunTimeStats))
<BR><BR>[Stack]<UL><LI>Max Depth = 64<LI>Call Chain = ConfigureTimerForRunTimeStats &rArr; TIM7_Int_Init &rArr; HAL_TIM_Base_Init &rArr; HAL_TIM_Base_MspInit &rArr; HAL_NVIC_SetPriority &rArr; __NVIC_SetPriority
</UL>
<BR>[Calls]<UL><LI><a href="#[128]">&gt;&gt;</a>&nbsp;&nbsp;&nbsp;TIM7_Int_Init
</UL>
<BR>[Called By]<UL><LI><a href="#[56d]">&gt;&gt;</a>&nbsp;&nbsp;&nbsp;vTaskStartScheduler
</UL>

<P><STRONG><a name="[21]"></a>DMA1_Stream1_IRQHandler</STRONG> (Thumb, 8 bytes, Stack size 0 bytes, stm32f4xx_it.o(.text.DMA1_Stream1_IRQHandler))
<BR><BR>[Stack]<UL><LI>Max Depth = 24<LI>Call Chain = DMA1_Stream1_IRQHandler &rArr; HAL_DMA_IRQHandler
</UL>
<BR>[Calls]<UL><LI><a href="#[129]">&gt;&gt;</a>&nbsp;&nbsp;&nbsp;HAL_DMA_IRQHandler
</UL>
<BR>[Address Reference Count : 1]<UL><LI> startup_stm32f407xx.o(RESET)
</UL>
<P><STRONG><a name="[23]"></a>DMA1_Stream3_IRQHandler</STRONG> (Thumb, 8 bytes, Stack size 0 bytes, stm32f4xx_it.o(.text.DMA1_Stream3_IRQHandler))
<BR><BR>[Stack]<UL><LI>Max Depth = 24<LI>Call Chain = DMA1_Stream3_IRQHandler &rArr; HAL_DMA_IRQHandler
</UL>
<BR>[Calls]<UL><LI><a href="#[129]">&gt;&gt;</a>&nbsp;&nbsp;&nbsp;HAL_DMA_IRQHandler
</UL>
<BR>[Address Reference Count : 1]<UL><LI> startup_stm32f407xx.o(RESET)
</UL>
<P><STRONG><a name="[50]"></a>DMA2_Stream3_IRQHandler</STRONG> (Thumb, 8 bytes, Stack size 0 bytes, sdio_sdcard.o(.text.DMA2_Stream3_IRQHandler))
<BR><BR>[Stack]<UL><LI>Max Depth = 24<LI>Call Chain = DMA2_Stream3_IRQHandler &rArr; HAL_DMA_IRQHandler
</UL>
<BR>[Calls]<UL><LI><a href="#[129]">&gt;&gt;</a>&nbsp;&nbsp;&nbsp;HAL_DMA_IRQHandler
</UL>
<BR>[Address Reference Count : 1]<UL><LI> startup_stm32f407xx.o(RESET)
</UL>
<P><STRONG><a name="[5a]"></a>DMA2_Stream6_IRQHandler</STRONG> (Thumb, 8 bytes, Stack size 0 bytes, sdio_sdcard.o(.text.DMA2_Stream6_IRQHandler))
<BR><BR>[Stack]<UL><LI>Max Depth = 24<LI>Call Chain = DMA2_Stream6_IRQHandler &rArr; HAL_DMA_IRQHandler
</UL>
<BR>[Calls]<UL><LI><a href="#[129]">&gt;&gt;</a>&nbsp;&nbsp;&nbsp;HAL_DMA_IRQHandler
</UL>
<BR>[Address Reference Count : 1]<UL><LI> startup_stm32f407xx.o(RESET)
</UL>
<P><STRONG><a name="[5b]"></a>DMA2_Stream7_IRQHandler</STRONG> (Thumb, 8 bytes, Stack size 0 bytes, stm32f4xx_it.o(.text.DMA2_Stream7_IRQHandler))
<BR><BR>[Stack]<UL><LI>Max Depth = 24<LI>Call Chain = DMA2_Stream7_IRQHandler &rArr; HAL_DMA_IRQHandler
</UL>
<BR>[Calls]<UL><LI><a href="#[129]">&gt;&gt;</a>&nbsp;&nbsp;&nbsp;HAL_DMA_IRQHandler
</UL>
<BR>[Address Reference Count : 1]<UL><LI> startup_stm32f407xx.o(RESET)
</UL>
<P><STRONG><a name="[12a]"></a>DS18B20_Check</STRONG> (Thumb, 76 bytes, Stack size 16 bytes, ds18b20.o(.text.DS18B20_Check))
<BR><BR>[Stack]<UL><LI>Max Depth = 32<LI>Call Chain = DS18B20_Check &rArr; delay_us
</UL>
<BR>[Calls]<UL><LI><a href="#[6b]">&gt;&gt;</a>&nbsp;&nbsp;&nbsp;delay_us
</UL>
<BR>[Called By]<UL><LI><a href="#[12c]">&gt;&gt;</a>&nbsp;&nbsp;&nbsp;DS18B20_Start
<LI><a href="#[130]">&gt;&gt;</a>&nbsp;&nbsp;&nbsp;DS18B20_Init
<LI><a href="#[12b]">&gt;&gt;</a>&nbsp;&nbsp;&nbsp;DS18B20_Get_Temperature
</UL>

[...]
</UL>

<P><STRONG><a name="[182]"></a>OUTLINED_FUNCTION_8</STRONG> (Thumb, 10 bytes, Stack size 0 bytes, stm32f4xx_hal_spi.o(.text.OUTLINED_FUNCTION_8))
<BR><BR>[Called By]<UL><LI><a href="#[17e]">&gt;&gt;</a>&nbsp;&nbsp;&nbsp;HAL_SPI_TransmitReceive
</UL>

<P><STRONG><a name="[186]"></a>OUTLINED_FUNCTION_9</STRONG> (Thumb, 16 bytes, Stack size 0 bytes, stm32f4xx_hal_spi.o(.text.OUTLINED_FUNCTION_9))
<BR><BR>[Called By]<UL><LI><a href="#[17e]">&gt;&gt;</a>&nbsp;&nbsp;&nbsp;HAL_SPI_TransmitReceive
</UL>

<P><STRONG><a name="[18c]"></a>SPI_EndRxTxTransaction</STRONG> (Thumb, 84 bytes, Stack size 24 bytes, stm32f4xx_hal_spi.o(.text.SPI_EndRxTxTransaction))
<BR><BR>[Stack]<UL><LI>Max Depth = 56<LI>Call Chain = SPI_EndRxTxTransaction &rArr; SPI_WaitFlagStateUntilTimeout
</UL>
<BR>[Calls]<UL><LI><a href="#[189]">&gt;&gt;</a>&nbsp;&nbsp;&nbsp;SPI_WaitFlagStateUntilTimeout
</UL>
<BR>[Called By]<UL><LI><a href="#[17e]">&gt;&gt;</a>&nbsp;&nbsp;&nbsp;HAL_SPI_TransmitReceive
</UL>

<P><STRONG><a name="[189]"></a>SPI_WaitFlagStateUntilTimeout</STRONG> (Thumb, 132 bytes, Stack size 32 bytes, stm32f4xx_hal_spi.o(.text.SPI_WaitFlagStateUntilTimeout))
<BR><BR>[Stack]<UL><LI>Max Depth = 32<LI>Call Chain = SPI_WaitFlagStateUntilTimeout
</UL>
<BR>[Calls]<UL><LI><a href="#[313]">&gt;&gt;</a>&nbsp;&nbsp;&nbsp;OUTLINED_FUNCTION_32
<LI><a href="#[181]">&gt;&gt;</a>&nbsp;&nbsp;&nbsp;OUTLINED_FUNCTION_0
<LI><a href="#[13a]">&gt;&gt;</a>&nbsp;&nbsp;&nbsp;HAL_GetTick
</UL>
<BR>[Called By]<UL><LI><a href="#[18c]">&gt;&gt;</a>&nbsp;&nbsp;&nbsp;SPI_EndRxTxTransaction
<LI><a href="#[17e]">&gt;&gt;</a>&nbsp;&nbsp;&nbsp;HAL_SPI_TransmitReceive
</UL>

<P><STRONG><a name="[14b]"></a>OUTLINED_FUNCTION_0</STRONG> (Thumb, 18 bytes, Stack size 0 bytes, stm32f4xx_hal_rcc_ex.o(.text.OUTLINED_FUNCTION_0))
<BR><BR>[Calls]<UL><LI><a href="#[13a]">&gt;&gt;</a>&nbsp;&nbsp;&nbsp;HAL_GetTick
</UL>
<BR>[Called By]<UL><LI><a href="#[14a]">&gt;&gt;</a>&nbsp;&nbsp;&nbsp;HAL_RCCEx_PeriphCLKConfig
</UL>

<P><STRONG><a name="[173]"></a>OUTLINED_FUNCTION_0</STRONG> (Thumb, 12 bytes, Stack size 0 bytes, stm32f4xx_hal_sd.o(.text.OUTLINED_FUNCTION_0))
<BR><BR>[Calls]<UL><LI><a href="#[171]">&gt;&gt;</a>&nbsp;&nbsp;&nbsp;HAL_SD_ErrorCallback
</UL>
<BR>[Called By]<UL><LI><a href="#[16f]">&gt;&gt;</a>&nbsp;&nbsp;&nbsp;HAL_SD_IRQHandler
</UL>

<P><STRONG><a name="[23f]"></a>OUTLINED_FUNCTION_11</STRONG> (Thumb, 6 bytes, Stack size 0 bytes, stm32f4xx_hal_sd.o(.text.OUTLINED_FUNCTION_11))
<BR><BR>[Stack]<UL><LI>Max Depth = 48<LI>Call Chain = OUTLINED_FUNCTION_11 &rArr; SDMMC_CmdStopTransfer &rArr; OUTLINED_FUNCTION_1 &rArr; SDIO_SendCommand
</UL>
<BR>[Calls]<UL><LI><a href="#[172]">&gt;&gt;</a>&nbsp;&nbsp;&nbsp;SDMMC_CmdStopTransfer
</UL>
<BR>[Called By]<UL><LI><a href="#[6d]">&gt;&gt;</a>&nbsp;&nbsp;&nbsp;SD_DMATxAbort
<LI><a href="#[6e]">&gt;&gt;</a>&nbsp;&nbsp;&nbsp;SD_DMARxAbort
</UL>

<P><STRONG><a name="[310]"></a>OUTLINED_FUNCTION_16</STRONG> (Thumb, 16 bytes, Stack size 0 bytes, stm32f4xx_hal_sd.o(.text.OUTLINED_FUNCTION_16))
<BR><BR>[Called By]<UL><LI><a href="#[6d]">&gt;&gt;</a>&nbsp;&nbsp;&nbsp;SD_DMATxAbort
<LI><a href="#[6e]">&gt;&gt;</a>&nbsp;&nbsp;&nbsp;SD_DMARxAbort
</UL>

<P><STRONG><a name="[262]"></a>OUTLINED_FUNCTION_19</STRONG> (Thumb, 6 bytes, Stack size 0 bytes, stm32f4xx_hal_sd.o(.text.OUTLINED_FUNCTION_19))
<BR><BR>[Stack]<UL><LI>Max Depth = 56<LI>Call Chain = OUTLINED_FUNCTION_19 &rArr; HAL_SD_GetCardState &rArr; SDMMC_CmdSendStatus &rArr; OUTLINED_FUNCTION_1 &rArr; SDIO_SendCommand
</UL>
<BR>[Calls]<UL><LI><a href="#[16c]">&gt;&gt;</a>&nbsp;&nbsp;&nbsp;HAL_SD_GetCardState
</UL>
<BR>[Called By]<UL><LI><a href="#[6d]">&gt;&gt;</a>&nbsp;&nbsp;&nbsp;SD_DMATxAbort
<LI><a href="#[6e]">&gt;&gt;</a>&nbsp;&nbsp;&nbsp;SD_DMARxAbort
</UL>

<P><STRONG><a name="[170]"></a>OUTLINED_FUNCTION_21</STRONG> (Thumb, 14 bytes, Stack size 0 bytes, stm32f4xx_hal_sd.o(.text.OUTLINED_FUNCTION_21))
<BR><BR>[Called By]<UL><LI><a href="#[16f]">&gt;&gt;</a>&nbsp;&nbsp;&nbsp;HAL_SD_IRQHandler
</UL>

<P><STRONG><a name="[311]"></a>OUTLINED_FUNCTION_25</STRONG> (Thumb, 14 bytes, Stack size 0 bytes, stm32f4xx_hal_sd.o(.text.OUTLINED_FUNCTION_25))
<BR><BR>[Called By]<UL><LI><a href="#[6d]">&gt;&gt;</a>&nbsp;&nbsp;&nbsp;SD_DMATxAbort
<LI><a href="#[6e]">&gt;&gt;</a>&nbsp;&nbsp;&nbsp;SD_DMARxAbort
</UL>

<P><STRONG><a name="[175]"></a>OUTLINED_FUNCTION_3</STRONG> (Thumb, 14 bytes, Stack size 0 bytes, stm32f4xx_hal_sd.o(.text.OUTLINED_FUNCTION_3))
<BR><BR>[Called By]<UL><LI><a href="#[16f]">&gt;&gt;</a>&nbsp;&nbsp;&nbsp;HAL_SD_IRQHandler
</UL>

<P><STRONG><a name="[17a]"></a>OUTLINED_FUNCTION_4</STRONG> (Thumb, 10 bytes, Stack size 0 bytes, stm32f4xx_hal_sd.o(.text.OUTLINED_FUNCTION_4))
<BR><BR>[Called By]<UL><LI><a href="#[16f]">&gt;&gt;</a>&nbsp;&nbsp;&nbsp;HAL_SD_IRQHandler
</UL>

<P><STRONG><a name="[16e]"></a>OUTLINED_FUNCTION_5</STRONG> (Thumb, 8 bytes, Stack size 0 bytes, stm32f4xx_hal_sd.o(.text.OUTLINED_FUNCTION_5))
<BR><BR>[Stack]<UL><LI>Max Depth = 4<LI>Call Chain = OUTLINED_FUNCTION_5 &rArr; SDIO_GetResponse
</UL>
<BR>[Calls]<UL><LI><a href="#[2d9]">&gt;&gt;</a>&nbsp;&nbsp;&nbsp;SDIO_GetResponse
</UL>
<BR>[Called By]<UL><LI><a href="#[16c]">&gt;&gt;</a>&nbsp;&nbsp;&nbsp;HAL_SD_GetCardState
</UL>

<P><STRONG><a name="[6e]"></a>SD_DMARxAbort</STRONG> (Thumb, 50 bytes, Stack size 8 bytes, stm32f4xx_hal_sd.o(.text.SD_DMARxAbort))
<BR><BR>[Stack]<UL><LI>Max Depth = 64<LI>Call Chain = SD_DMARxAbort &rArr; OUTLINED_FUNCTION_19 &rArr; HAL_SD_GetCardState &rArr; SDMMC_CmdSendStatus &rArr; OUTLINED_FUNCTION_1 &rArr; SDIO_SendCommand
</UL>
<BR>[Calls]<UL><LI><a href="#[171]">&gt;&gt;</a>&nbsp;&nbsp;&nbsp;HAL_SD_ErrorCallback
<LI><a href="#[17b]">&gt;&gt;</a>&nbsp;&nbsp;&nbsp;HAL_SD_AbortCallback
<LI><a href="#[311]">&gt;&gt;</a>&nbsp;&nbsp;&nbsp;OUTLINED_FUNCTION_25
<LI><a href="#[262]">&gt;&gt;</a>&nbsp;&nbsp;&nbsp;OUTLINED_FUNCTION_19
<LI><a href="#[310]">&gt;&gt;</a>&nbsp;&nbsp;&nbsp;OUTLINED_FUNCTION_16
<LI><a href="#[23f]">&gt;&gt;</a>&nbsp;&nbsp;&nbsp;OUTLINED_FUNCTION_11
</UL>
<BR>[Called By]<UL><LI><a href="#[16f]">&gt;&gt;</a>&nbsp;&nbsp;&nbsp;HAL_SD_IRQHandler
</UL>
<BR>[Address Reference Count : 1]<UL><LI> stm32f4xx_hal_sd.o(.text.HAL_SD_IRQHandler)
</UL>
<P><STRONG><a name="[6d]"></a>SD_DMATxAbort</STRONG> (Thumb, 50 bytes, Stack size 8 bytes, stm32f4xx_hal_sd.o(.text.SD_DMATxAbort))
<BR><BR>[Stack]<UL><LI>Max Depth = 64<LI>Call Chain = SD_DMATxAbort &rArr; OUTLINED_FUNCTION_19 &rArr; HAL_SD_GetCardState &rArr; SDMMC_CmdSendStatus &rArr; OUTLINED_FUNCTION_1 &rArr; SDIO_SendCommand
</UL>
<BR>[Calls]<UL><LI><a href="#[171]">&gt;&gt;</a>&nbsp;&nbsp;&nbsp;HAL_SD_ErrorCallback
<LI><a href="#[17b]">&gt;&gt;</a>&nbsp;&nbsp;&nbsp;HAL_SD_AbortCallback
<LI><a href="#[311]">&gt;&gt;</a>&nbsp;&nbsp;&nbsp;OUTLINED_FUNCTION_25
<LI><a href="#[262]">&gt;&gt;</a>&nbsp;&nbsp;&nbsp;OUTLINED_FUNCTION_19
<LI><a href="#[310]">&gt;&gt;</a>&nbsp;&nbsp;&nbsp;OUTLINED_FUNCTION_16
<LI><a href="#[23f]">&gt;&gt;</a>&nbsp;&nbsp;&nbsp;OUTLINED_FUNCTION_11
</UL>
<BR>[Called By]<UL><LI><a href="#[16f]">&gt;&gt;</a>&nbsp;&nbsp;&nbsp;HAL_SD_IRQHandler
</UL>
<BR>[Address Reference Count : 1]<UL><LI> stm32f4xx_hal_sd.o(.text.HAL_SD_IRQHandler)
</UL>
<P><STRONG><a name="[30c]"></a>OUTLINED_FUNCTION_0</STRONG> (Thumb, 18 bytes, Stack size 0 bytes, stm32f4xx_ll_sdmmc.o(.text.OUTLINED_FUNCTION_0))
<BR><BR>[Called By]<UL><LI><a href="#[16d]">&gt;&gt;</a>&nbsp;&nbsp;&nbsp;SDMMC_CmdSendStatus
</UL>

<P><STRONG><a name="[22e]"></a>OUTLINED_FUNCTION_1</STRONG> (Thumb, 6 bytes, Stack size 0 bytes, stm32f4xx_ll_sdmmc.o(.text.OUTLINED_FUNCTION_1))
<BR><BR>[Stack]<UL><LI>Max Depth = 16<LI>Call Chain = OUTLINED_FUNCTION_1 &rArr; SDIO_SendCommand
</UL>
<BR>[Calls]<UL><LI><a href="#[22f]">&gt;&gt;</a>&nbsp;&nbsp;&nbsp;SDIO_SendCommand
</UL>
<BR>[Called By]<UL><LI><a href="#[172]">&gt;&gt;</a>&nbsp;&nbsp;&nbsp;SDMMC_CmdStopTransfer
<LI><a href="#[16d]">&gt;&gt;</a>&nbsp;&nbsp;&nbsp;SDMMC_CmdSendStatus
</UL>

<P><STRONG><a name="[30e]"></a>OUTLINED_FUNCTION_2</STRONG> (Thumb, 16 bytes, Stack size 0 bytes, stm32f4xx_ll_sdmmc.o(.text.OUTLINED_FUNCTION_2))
<BR><BR>[Called By]<UL><LI><a href="#[172]">&gt;&gt;</a>&nbsp;&nbsp;&nbsp;SDMMC_CmdStopTransfer
</UL>

<P><STRONG><a name="[30f]"></a>OUTLINED_FUNCTION_5</STRONG> (Thumb, 8 bytes, Stack size 0 bytes, stm32f4xx_ll_sdmmc.o(.text.OUTLINED_FUNCTION_5))
<BR><BR>[Called By]<UL><LI><a href="#[172]">&gt;&gt;</a>&nbsp;&nbsp;&nbsp;SDMMC_CmdStopTransfer
</UL>

<P><STRONG><a name="[30d]"></a>SDMMC_GetCmdResp1</STRONG> (Thumb, 280 bytes, Stack size 12 bytes, stm32f4xx_ll_sdmmc.o(.text.SDMMC_GetCmdResp1))
<BR><BR>[Stack]<UL><LI>Max Depth = 12<LI>Call Chain = SDMMC_GetCmdResp1
</UL>
<BR>[Called By]<UL><LI><a href="#[172]">&gt;&gt;</a>&nbsp;&nbsp;&nbsp;SDMMC_CmdStopTransfer
<LI><a href="#[16d]">&gt;&gt;</a>&nbsp;&nbsp;&nbsp;SDMMC_CmdSendStatus
</UL>

<P><STRONG><a name="[1ab]"></a>OUTLINED_FUNCTION_10</STRONG> (Thumb, 6 bytes, Stack size 0 bytes, stm32f4xx_hal_tim.o(.text.OUTLINED_FUNCTION_10))
<BR><BR>[Stack]<UL><LI>Max Depth = 8<LI>Call Chain = OUTLINED_FUNCTION_10 &rArr; TIM_CCxChannelCmd
</UL>
<BR>[Calls]<UL><LI><a href="#[239]">&gt;&gt;</a>&nbsp;&nbsp;&nbsp;TIM_CCxChannelCmd
</UL>
<BR>[Called By]<UL><LI><a href="#[7c]">&gt;&gt;</a>&nbsp;&nbsp;&nbsp;HAL_TIM_PWM_Start
</UL>

<P><STRONG><a name="[1ac]"></a>OUTLINED_FUNCTION_11</STRONG> (Thumb, 8 bytes, Stack size 0 bytes, stm32f4xx_hal_tim.o(.text.OUTLINED_FUNCTION_11))
<BR><BR>[Called By]<UL><LI><a href="#[7c]">&gt;&gt;</a>&nbsp;&nbsp;&nbsp;HAL_TIM_PWM_Start
</UL>

<P><STRONG><a name="[1ad]"></a>OUTLINED_FUNCTION_14</STRONG> (Thumb, 10 bytes, Stack size 0 bytes, stm32f4xx_hal_tim.o(.text.OUTLINED_FUNCTION_14))
<BR><BR>[Called By]<UL><LI><a href="#[7c]">&gt;&gt;</a>&nbsp;&nbsp;&nbsp;HAL_TIM_PWM_Start
</UL>

<P><STRONG><a name="[195]"></a>OUTLINED_FUNCTION_21</STRONG> (Thumb, 10 bytes, Stack size 0 bytes, stm32f4xx_hal_tim.o(.text.OUTLINED_FUNCTION_21))
<BR><BR>[Called By]<UL><LI><a href="#[1a8]">&gt;&gt;</a>&nbsp;&nbsp;&nbsp;HAL_TIM_PWM_Init
<LI><a href="#[193]">&gt;&gt;</a>&nbsp;&nbsp;&nbsp;HAL_TIM_Base_Init
</UL>

<P><STRONG><a name="[19e]"></a>OUTLINED_FUNCTION_24</STRONG> (Thumb, 20 bytes, Stack size 8 bytes, stm32f4xx_hal_tim.o(.text.OUTLINED_FUNCTION_24))
<BR><BR>[Stack]<UL><LI>Max Depth = 8<LI>Call Chain = OUTLINED_FUNCTION_24
</UL>
<BR>[Calls]<UL><LI><a href="#[280]">&gt;&gt;</a>&nbsp;&nbsp;&nbsp;HAL_TIM_PWM_PulseFinishedCallback
<LI><a href="#[27f]">&gt;&gt;</a>&nbsp;&nbsp;&nbsp;HAL_TIM_OC_DelayElapsedCallback
</UL>
<BR>[Called By]<UL><LI><a href="#[19c]">&gt;&gt;</a>&nbsp;&nbsp;&nbsp;HAL_TIM_IRQHandler
</UL>

<P><STRONG><a name="[1a3]"></a>OUTLINED_FUNCTION_29</STRONG> (Thumb, 14 bytes, Stack size 0 bytes, stm32f4xx_hal_tim.o(.text.OUTLINED_FUNCTION_29))
<BR><BR>[Called By]<UL><LI><a href="#[7b]">&gt;&gt;</a>&nbsp;&nbsp;&nbsp;HAL_TIM_PWM_ConfigChannel
</UL>

<P><STRONG><a name="[31f]"></a>OUTLINED_FUNCTION_34</STRONG> (Thumb, 20 bytes, Stack size 0 bytes, stm32f4xx_hal_tim.o(.text.OUTLINED_FUNCTION_34))
<BR><BR>[Called By]<UL><LI><a href="#[1a5]">&gt;&gt;</a>&nbsp;&nbsp;&nbsp;TIM_OC2_SetConfig
<LI><a href="#[1a6]">&gt;&gt;</a>&nbsp;&nbsp;&nbsp;TIM_OC3_SetConfig
</UL>

<P><STRONG><a name="[194]"></a>OUTLINED_FUNCTION_42</STRONG> (Thumb, 10 bytes, Stack size 0 bytes, stm32f4xx_hal_tim.o(.text.OUTLINED_FUNCTION_42))
<BR><BR>[Called By]<UL><LI><a href="#[1a8]">&gt;&gt;</a>&nbsp;&nbsp;&nbsp;HAL_TIM_PWM_Init
<LI><a href="#[193]">&gt;&gt;</a>&nbsp;&nbsp;&nbsp;HAL_TIM_Base_Init
</UL>

<P><STRONG><a name="[19d]"></a>OUTLINED_FUNCTION_46</STRONG> (Thumb, 6 bytes, Stack size 0 bytes, stm32f4xx_hal_tim.o(.text.OUTLINED_FUNCTION_46))
<BR><BR>[Calls]<UL><LI><a href="#[2c9]">&gt;&gt;</a>&nbsp;&nbsp;&nbsp;HAL_TIM_IC_CaptureCallback
</UL>
<BR>[Called By]<UL><LI><a href="#[19c]">&gt;&gt;</a>&nbsp;&nbsp;&nbsp;HAL_TIM_IRQHandler
</UL>

<P><STRONG><a name="[198]"></a>OUTLINED_FUNCTION_5</STRONG> (Thumb, 8 bytes, Stack size 0 bytes, stm32f4xx_hal_tim.o(.text.OUTLINED_FUNCTION_5))
<BR><BR>[Called By]<UL><LI><a href="#[1a8]">&gt;&gt;</a>&nbsp;&nbsp;&nbsp;HAL_TIM_PWM_Init
<LI><a href="#[193]">&gt;&gt;</a>&nbsp;&nbsp;&nbsp;HAL_TIM_Base_Init
</UL>

<P><STRONG><a name="[197]"></a>OUTLINED_FUNCTION_7</STRONG> (Thumb, 14 bytes, Stack size 0 bytes, stm32f4xx_hal_tim.o(.text.OUTLINED_FUNCTION_7))
<BR><BR>[Stack]<UL><LI>Max Depth = 16<LI>Call Chain = OUTLINED_FUNCTION_7 &rArr; TIM_Base_SetConfig
</UL>
<BR>[Calls]<UL><LI><a href="#[2f7]">&gt;&gt;</a>&nbsp;&nbsp;&nbsp;TIM_Base_SetConfig
</UL>
<BR>[Called By]<UL><LI><a href="#[1a8]">&gt;&gt;</a>&nbsp;&nbsp;&nbsp;HAL_TIM_PWM_Init
<LI><a href="#[193]">&gt;&gt;</a>&nbsp;&nbsp;&nbsp;HAL_TIM_Base_Init
</UL>

<P><STRONG><a name="[19b]"></a>OUTLINED_FUNCTION_8</STRONG> (Thumb, 10 bytes, Stack size 0 bytes, stm32f4xx_hal_tim.o(.text.OUTLINED_FUNCTION_8))
<BR><BR>[Called By]<UL><LI><a href="#[7c]">&gt;&gt;</a>&nbsp;&nbsp;&nbsp;HAL_TIM_PWM_Start
<LI><a href="#[199]">&gt;&gt;</a>&nbsp;&nbsp;&nbsp;HAL_TIM_Base_Start_IT
</UL>

<P><STRONG><a name="[19a]"></a>OUTLINED_FUNCTION_9</STRONG> (Thumb, 10 bytes, Stack size 0 bytes, stm32f4xx_hal_tim.o(.text.OUTLINED_FUNCTION_9))
<BR><BR>[Called By]<UL><LI><a href="#[7c]">&gt;&gt;</a>&nbsp;&nbsp;&nbsp;HAL_TIM_PWM_Start
<LI><a href="#[199]">&gt;&gt;</a>&nbsp;&nbsp;&nbsp;HAL_TIM_Base_Start_IT
</UL>

<P><STRONG><a name="[1a4]"></a>TIM_OC1_SetConfig</STRONG> (Thumb, 96 bytes, Stack size 20 bytes, stm32f4xx_hal_tim.o(.text.TIM_OC1_SetConfig))
<BR><BR>[Stack]<UL><LI>Max Depth = 20<LI>Call Chain = TIM_OC1_SetConfig
</UL>
<BR>[Called By]<UL><LI><a href="#[7b]">&gt;&gt;</a>&nbsp;&nbsp;&nbsp;HAL_TIM_PWM_ConfigChannel
</UL>

<P><STRONG><a name="[1a6]"></a>TIM_OC3_SetConfig</STRONG> (Thumb, 92 bytes, Stack size 20 bytes, stm32f4xx_hal_tim.o(.text.TIM_OC3_SetConfig))
<BR><BR>[Stack]<UL><LI>Max Depth = 20<LI>Call Chain = TIM_OC3_SetConfig
</UL>
<BR>[Calls]<UL><LI><a href="#[31f]">&gt;&gt;</a>&nbsp;&nbsp;&nbsp;OUTLINED_FUNCTION_34
</UL>
<BR>[Called By]<UL><LI><a href="#[7b]">&gt;&gt;</a>&nbsp;&nbsp;&nbsp;HAL_TIM_PWM_ConfigChannel
</UL>

<P><STRONG><a name="[1a7]"></a>TIM_OC4_SetConfig</STRONG> (Thumb, 72 bytes, Stack size 20 bytes, stm32f4xx_hal_tim.o(.text.TIM_OC4_SetConfig))
<BR><BR>[Stack]<UL><LI>Max Depth = 20<LI>Call Chain = TIM_OC4_SetConfig
</UL>
<BR>[Called By]<UL><LI><a href="#[7b]">&gt;&gt;</a>&nbsp;&nbsp;&nbsp;HAL_TIM_PWM_ConfigChannel
</UL>

<P><STRONG><a name="[166]"></a>OUTLINED_FUNCTION_1</STRONG> (Thumb, 12 bytes, Stack size 0 bytes, stm32f4xx_hal_rtc.o(.text.OUTLINED_FUNCTION_1))
<BR><BR>[Called By]<UL><LI><a href="#[167]">&gt;&gt;</a>&nbsp;&nbsp;&nbsp;HAL_RTC_SetTime
<LI><a href="#[163]">&gt;&gt;</a>&nbsp;&nbsp;&nbsp;HAL_RTC_SetDate
</UL>

<P><STRONG><a name="[161]"></a>OUTLINED_FUNCTION_10</STRONG> (Thumb, 6 bytes, Stack size 0 bytes, stm32f4xx_hal_rtc.o(.text.OUTLINED_FUNCTION_10))
<BR><BR>[Stack]<UL><LI>Max Depth = 16<LI>Call Chain = OUTLINED_FUNCTION_10 &rArr; HAL_RTC_WaitForSynchro
</UL>
<BR>[Calls]<UL><LI><a href="#[16a]">&gt;&gt;</a>&nbsp;&nbsp;&nbsp;HAL_RTC_WaitForSynchro
</UL>
<BR>[Called By]<UL><LI><a href="#[167]">&gt;&gt;</a>&nbsp;&nbsp;&nbsp;HAL_RTC_SetTime
<LI><a href="#[163]">&gt;&gt;</a>&nbsp;&nbsp;&nbsp;HAL_RTC_SetDate
<LI><a href="#[15d]">&gt;&gt;</a>&nbsp;&nbsp;&nbsp;HAL_RTC_Init
</UL>

<P><STRONG><a name="[15f]"></a>OUTLINED_FUNCTION_2</STRONG> (Thumb, 20 bytes, Stack size 0 bytes, stm32f4xx_hal_rtc.o(.text.OUTLINED_FUNCTION_2))
<BR><BR>[Stack]<UL><LI>Max Depth = 16<LI>Call Chain = OUTLINED_FUNCTION_2 &rArr; RTC_EnterInitMode
</UL>
<BR>[Calls]<UL><LI><a href="#[165]">&gt;&gt;</a>&nbsp;&nbsp;&nbsp;RTC_EnterInitMode
</UL>
<BR>[Called By]<UL><LI><a href="#[15d]">&gt;&gt;</a>&nbsp;&nbsp;&nbsp;HAL_RTC_Init
</UL>

<P><STRONG><a name="[160]"></a>OUTLINED_FUNCTION_3</STRONG> (Thumb, 14 bytes, Stack size 0 bytes, stm32f4xx_hal_rtc.o(.text.OUTLINED_FUNCTION_3))
<BR><BR>[Called By]<UL><LI><a href="#[167]">&gt;&gt;</a>&nbsp;&nbsp;&nbsp;HAL_RTC_SetTime
<LI><a href="#[163]">&gt;&gt;</a>&nbsp;&nbsp;&nbsp;HAL_RTC_SetDate
<LI><a href="#[15d]">&gt;&gt;</a>&nbsp;&nbsp;&nbsp;HAL_RTC_Init
</UL>

<P><STRONG><a name="[169]"></a>OUTLINED_FUNCTION_4</STRONG> (Thumb, 10 bytes, Stack size 0 bytes, stm32f4xx_hal_rtc.o(.text.OUTLINED_FUNCTION_4))
<BR><BR>[Called By]<UL><LI><a href="#[167]">&gt;&gt;</a>&nbsp;&nbsp;&nbsp;HAL_RTC_SetTime
</UL>

<P><STRONG><a name="[168]"></a>OUTLINED_FUNCTION_5</STRONG> (Thumb, 18 bytes, Stack size 0 bytes, stm32f4xx_hal_rtc.o(.text.OUTLINED_FUNCTION_5))
<BR><BR>[Called By]<UL><LI><a href="#[167]">&gt;&gt;</a>&nbsp;&nbsp;&nbsp;HAL_RTC_SetTime
</UL>

<P><STRONG><a name="[164]"></a>OUTLINED_FUNCTION_6</STRONG> (Thumb, 12 bytes, Stack size 0 bytes, stm32f4xx_hal_rtc.o(.text.OUTLINED_FUNCTION_6))
<BR><BR>[Called By]<UL><LI><a href="#[167]">&gt;&gt;</a>&nbsp;&nbsp;&nbsp;HAL_RTC_SetTime
<LI><a href="#[163]">&gt;&gt;</a>&nbsp;&nbsp;&nbsp;HAL_RTC_SetDate
</UL>

<P><STRONG><a name="[16b]"></a>OUTLINED_FUNCTION_8</STRONG> (Thumb, 8 bytes, Stack size 0 bytes, stm32f4xx_hal_rtc.o(.text.OUTLINED_FUNCTION_8))
<BR><BR>[Called By]<UL><LI><a href="#[165]">&gt;&gt;</a>&nbsp;&nbsp;&nbsp;RTC_EnterInitMode
<LI><a href="#[16a]">&gt;&gt;</a>&nbsp;&nbsp;&nbsp;HAL_RTC_WaitForSynchro
</UL>

<P><STRONG><a name="[15b]"></a>OUTLINED_FUNCTION_9</STRONG> (Thumb, 14 bytes, Stack size 0 bytes, stm32f4xx_hal_rtc.o(.text.OUTLINED_FUNCTION_9))
<BR><BR>[Called By]<UL><LI><a href="#[15a]">&gt;&gt;</a>&nbsp;&nbsp;&nbsp;HAL_RTC_AlarmIRQHandler
</UL>

<P><STRONG><a name="[157]"></a>OUTLINED_FUNCTION_12</STRONG> (Thumb, 14 bytes, Stack size 0 bytes, stm32f4xx_hal_rtc_ex.o(.text.OUTLINED_FUNCTION_12))
<BR><BR>[Called By]<UL><LI><a href="#[155]">&gt;&gt;</a>&nbsp;&nbsp;&nbsp;HAL_RTCEx_WakeUpTimerIRQHandler
</UL>

<P><STRONG><a name="[5b9]"></a>_fp_digits</STRONG> (Thumb, 366 bytes, Stack size 64 bytes, printfa.o(i._fp_digits), UNUSED)
<BR><BR>[Calls]<UL><LI><a href="#[110]">&gt;&gt;</a>&nbsp;&nbsp;&nbsp;__aeabi_dmul
<LI><a href="#[111]">&gt;&gt;</a>&nbsp;&nbsp;&nbsp;__aeabi_ddiv
<LI><a href="#[10a]">&gt;&gt;</a>&nbsp;&nbsp;&nbsp;__aeabi_dadd
<LI><a href="#[118]">&gt;&gt;</a>&nbsp;&nbsp;&nbsp;__aeabi_d2ulz
<LI><a href="#[5ba]">&gt;&gt;</a>&nbsp;&nbsp;&nbsp;__aeabi_cdrcmple
<LI><a href="#[104]">&gt;&gt;</a>&nbsp;&nbsp;&nbsp;__aeabi_uldivmod
</UL>
<BR>[Called By]<UL><LI><a href="#[5b6]">&gt;&gt;</a>&nbsp;&nbsp;&nbsp;_printf_core
</UL>

<P><STRONG><a name="[5b6]"></a>_printf_core</STRONG> (Thumb, 1744 bytes, Stack size 136 bytes, printfa.o(i._printf_core), UNUSED)
<BR><BR>[Calls]<UL><LI><a href="#[5bd]">&gt;&gt;</a>&nbsp;&nbsp;&nbsp;__aeabi_uidivmod
<LI><a href="#[5bb]">&gt;&gt;</a>&nbsp;&nbsp;&nbsp;_printf_pre_padding
<LI><a href="#[5bc]">&gt;&gt;</a>&nbsp;&nbsp;&nbsp;_printf_post_padding
<LI><a href="#[5b9]">&gt;&gt;</a>&nbsp;&nbsp;&nbsp;_fp_digits
<LI><a href="#[104]">&gt;&gt;</a>&nbsp;&nbsp;&nbsp;__aeabi_uldivmod
</UL>
<BR>[Called By]<UL><LI><a href="#[5b7]">&gt;&gt;</a>&nbsp;&nbsp;&nbsp;__0vsnprintf
<LI><a href="#[5b5]">&gt;&gt;</a>&nbsp;&nbsp;&nbsp;__0sprintf
</UL>

<P><STRONG><a name="[5bc]"></a>_printf_post_padding</STRONG> (Thumb, 36 bytes, Stack size 24 bytes, printfa.o(i._printf_post_padding), UNUSED)
<BR><BR>[Called By]<UL><LI><a href="#[5b6]">&gt;&gt;</a>&nbsp;&nbsp;&nbsp;_printf_core
</UL>

<P><STRONG><a name="[5bb]"></a>_printf_pre_padding</STRONG> (Thumb, 46 bytes, Stack size 24 bytes, printfa.o(i._printf_pre_padding), UNUSED)
<BR><BR>[Called By]<UL><LI><a href="#[5b6]">&gt;&gt;</a>&nbsp;&nbsp;&nbsp;_printf_core
</UL>

<P><STRONG><a name="[100]"></a>_snputc</STRONG> (Thumb, 22 bytes, Stack size 0 bytes, printfa.o(i._snputc))
<BR>[Address Reference Count : 1]<UL><LI> printfa.o(i.__0vsnprintf)
</UL>
<P><STRONG><a name="[ff]"></a>_sputc</STRONG> (Thumb, 10 bytes, Stack size 0 bytes, printfa.o(i._sputc))
<BR><BR>[Called By]<UL><LI><a href="#[5b5]">&gt;&gt;</a>&nbsp;&nbsp;&nbsp;__0sprintf
</UL>
<BR>[Address Reference Count : 1]<UL><LI> printfa.o(i.__0sprintf)
</UL><P>
<H3>
Undefined Global Symbols
</H3><HR></body></html>
